Microchip MPLAB XC8 Compiler V2.40

Linker command line:

-W-3 \
  --edf=C:\Program Files\Microchip\xc8\v2.40\pic\dat\20220703182018_en.msgs \
  -pivt0x8=08h -cn \
  -h+dist/default/production\PIC_SLAVE_WITH_INTERRUPT_SPI.X.production.sym \
  --cmf=dist/default/production\PIC_SLAVE_WITH_INTERRUPT_SPI.X.production.cmf \
  -z -Q18F57Q43 -oC:\Users\surendra\AppData\Local\Temp\xcAsc9s.4 \
  --defsym=__MPLAB_BUILD=1 --fixupoverflow=error \
  -Mdist/default/production/PIC_SLAVE_WITH_INTERRUPT_SPI.X.production.map \
  --md=C:\Users\surendra\AppData\Local\Temp\xcAsc9s.dat -E1 \
  -ver=XC8 Compiler --acfsm=1493 -ACODE=00h-01FFFFh -ACONST=00h-01FFFFh \
  -ASMALLCONST=02600h-026FFhx474 \
  -AMEDIUMCONST=02600h-0FFFFh,012600h-01FFFFh -ACOMRAM=0501h-055Fh \
  -AABS1=0500h-024FFh -ABIGRAM=0501h-024FFh \
  -ARAM=0560h-05FFh,0600h-06FFhx31 -ABANK5=0560h-05FFh -ABANK6=0600h-06FFh \
  -ABANK7=0700h-07FFh -ABANK8=0800h-08FFh -ABANK9=0900h-09FFh \
  -ABANK10=0A00h-0AFFh -ABANK11=0B00h-0BFFh -ABANK12=0C00h-0CFFh \
  -ABANK13=0D00h-0DFFh -ABANK14=0E00h-0EFFh -ABANK15=0F00h-0FFFh \
  -ABANK16=01000h-010FFh -ABANK17=01100h-011FFh -ABANK18=01200h-012FFh \
  -ABANK19=01300h-013FFh -ABANK20=01400h-014FFh -ABANK21=01500h-015FFh \
  -ABANK22=01600h-016FFh -ABANK23=01700h-017FFh -ABANK24=01800h-018FFh \
  -ABANK25=01900h-019FFh -ABANK26=01A00h-01AFFh -ABANK27=01B00h-01BFFh \
  -ABANK28=01C00h-01CFFh -ABANK29=01D00h-01DFFh -ABANK30=01E00h-01EFFh \
  -ABANK31=01F00h-01FFFh -ABANK32=02000h-020FFh -ABANK33=02100h-021FFh \
  -ABANK34=02200h-022FFh -ABANK35=02300h-023FFh -ABANK36=02400h-024FFh \
  -ASFR=00h-0FFhx4,0400h-045Fh,0460h-04FFh,02500h-025FFh \
  -ABIGSFR=00h-04FFh,02500h-025FFh -ACONFIG=0300000h-0300011h \
  -AIDLOC=0200000h-020003Fh -AEEDATA=0380000h-03803FFh -peeprom_data=EEDATA \
  -preset_vec=00h -ppowerup=CODE,init -pramtop=02600h \
  -psmallconst=SMALLCONST -pmediumconst=MEDIUMCONST -pconst=CONST \
  -AFARRAM=00h-00h \
  -prdata=COMRAM,nvrram=COMRAM,nvbit=COMRAM,rbss=COMRAM,rbit=COMRAM \
  -pfarbss=FARRAM,fardata=FARRAM,nvFARRAM=FARRAM \
  -pintsave_regs=BIGRAM,bigbss=BIGRAM,bigdata=BIGRAM -pbss=RAM \
  -pidata=CODE,irdata=CODE,ibigdata=CODE,ifardata=CODE -prparam=COMRAM \
  C:\Users\surendra\AppData\Local\Temp\xcAsc9s.o \
  dist/default/production\PIC_SLAVE_WITH_INTERRUPT_SPI.X.production.o 

Object code version is 3.11

Machine type is 18F57Q43



                Name                               Link     Load   Length Selector   Space Scale
C:\Users\surendra\AppData\Local\Temp\xcAsc9s.o
                idloc                            200000   200000       40        0       5
                config                           300000   300000        A        0       4
                init                                 1A       1A        4        4       0
                reset_vec                             0        0        4        0       0
dist/default/production\PIC_SLAVE_WITH_INTERRUPT_SPI.X.production.o
                idloc                            200000   200000       40        0       5
                config                           300000   300000        A        0       4
                smallconst                         2600     2600        8     1300       0
                ivt0x8                                8        8       12        4       0
                text20                             2994     2994       20     1304       0
                text19                             2A50     2A50        2     1304       0
                text18                             2A3E     2A3E        A     1304       0
                text17                             2A4E     2A4E        2     1304       0
                text16                             2A4C     2A4C        2     1304       0
                text15                             26DC     26DC       C0     1304       0
                text14                             2608     2608       D4     1304       0
                text13                             2A48     2A48        4     1304       0
                text12                             29B4     29B4       1C     1304       0
                text11                             279C     279C       BE     1304       0
                text10                             2970     2970       24     1304       0
                text9                              2A30     2A30        E     1304       0
                text8                              2A22     2A22        E     1304       0
                text7                              2A14     2A14        E     1304       0
                text6                              28CE     28CE       50     1304       0
                text5                              2A06     2A06        E     1304       0
                text4                              29F8     29F8        E     1304       0
                text3                              29EA     29EA        E     1304       0
                text2                              285A     285A       74     1304       0
                text1                              29D0     29D0       1A     1304       0
                text0                              2948     2948       28     1304       0
                cstackCOMRAM                        513      513        6      501       1
                dataCOMRAM                          51B      51B        1      501       1
                bssCOMRAM                           519      519        2      501       1
                cinit                              291E     291E       2A     1304       0
                nvCOMRAM                            501      501       12      501       1
                idataCOMRAM                        2A52     2A52        1     1304       0

TOTAL           Name                               Link     Load   Length     Space
        CLASS   CODE           
                init                                 1A       1A        4         0
                reset_vec                             0        0        4         0
                ivt0x8                                8        8       12         0
                text20                             2994     2994       20         0
                text19                             2A50     2A50        2         0
                text18                             2A3E     2A3E        A         0
                text17                             2A4E     2A4E        2         0
                text16                             2A4C     2A4C        2         0
                text15                             26DC     26DC       C0         0
                text14                             2608     2608       D4         0
                text13                             2A48     2A48        4         0
                text12                             29B4     29B4       1C         0
                text11                             279C     279C       BE         0
                text10                             2970     2970       24         0
                text9                              2A30     2A30        E         0
                text8                              2A22     2A22        E         0
                text7                              2A14     2A14        E         0
                text6                              28CE     28CE       50         0
                text5                              2A06     2A06        E         0
                text4                              29F8     29F8        E         0
                text3                              29EA     29EA        E         0
                text2                              285A     285A       74         0
                text1                              29D0     29D0       1A         0
                text0                              2948     2948       28         0
                cinit                              291E     291E       2A         0
                idataCOMRAM                        2A52     2A52        1         0

        CLASS   CONST          

        CLASS   SMALLCONST     
                smallconst                         2600     2600        8         0

        CLASS   MEDIUMCONST    

        CLASS   COMRAM         
                cstackCOMRAM                        513      513        6         1
                dataCOMRAM                          51B      51B        1         1
                bssCOMRAM                           519      519        2         1
                nvCOMRAM                            501      501       12         1

        CLASS   ABS1           

        CLASS   BIGRAM         

        CLASS   RAM            

        CLASS   BANK5          

        CLASS   BANK6          

        CLASS   BANK7          

        CLASS   BANK8          

        CLASS   BANK9          

        CLASS   BANK10         

        CLASS   BANK11         

        CLASS   BANK12         

        CLASS   BANK13         

        CLASS   BANK14         

        CLASS   BANK15         

        CLASS   BANK16         

        CLASS   BANK17         

        CLASS   BANK18         

        CLASS   BANK19         

        CLASS   BANK20         

        CLASS   BANK21         

        CLASS   BANK22         

        CLASS   BANK23         

        CLASS   BANK24         

        CLASS   BANK25         

        CLASS   BANK26         

        CLASS   BANK27         

        CLASS   BANK28         

        CLASS   BANK29         

        CLASS   BANK30         

        CLASS   BANK31         

        CLASS   BANK32         

        CLASS   BANK33         

        CLASS   BANK34         

        CLASS   BANK35         

        CLASS   BANK36         

        CLASS   SFR            

        CLASS   BIGSFR         

        CLASS   CONFIG         
                config                           300000   300000        A         4

        CLASS   IDLOC          
                idloc                            200000   200000       40         5

        CLASS   EEDATA         

        CLASS   FARRAM         

        CLASS   HEAP           

        CLASS   STACK          



SEGMENTS        Name                           Load    Length   Top    Selector   Space  Class

                reset_vec                      000000  000004  000004         0       0  CODE    
                ivt0x8                         000008  000016  00001E         4       0  CODE    
                nvCOMRAM                       000501  00001B  00051C       501       1  COMRAM  
                smallconst                     002600  000008  002608      1300       0  SMALLCON
                text14                         002608  00044B  002A53      1304       0  CODE    


UNUSED ADDRESS RANGES

        Name                Unused          Largest block    Delta
        BANK10           000A00-000AFF              100
        BANK11           000B00-000BFF              100
        BANK12           000C00-000CFF              100
        BANK13           000D00-000DFF              100
        BANK14           000E00-000EFF              100
        BANK15           000F00-000FFF              100
        BANK16           001000-0010FF              100
        BANK17           001100-0011FF              100
        BANK18           001200-0012FF              100
        BANK19           001300-0013FF              100
        BANK20           001400-0014FF              100
        BANK21           001500-0015FF              100
        BANK22           001600-0016FF              100
        BANK23           001700-0017FF              100
        BANK24           001800-0018FF              100
        BANK25           001900-0019FF              100
        BANK26           001A00-001AFF              100
        BANK27           001B00-001BFF              100
        BANK28           001C00-001CFF              100
        BANK29           001D00-001DFF              100
        BANK30           001E00-001EFF              100
        BANK31           001F00-001FFF              100
        BANK32           002000-0020FF              100
        BANK33           002100-0021FF              100
        BANK34           002200-0022FF              100
        BANK35           002300-0023FF              100
        BANK36           002400-0024FF              100
        BANK5            000560-0005FF               A0
        BANK6            000600-0006FF              100
        BANK7            000700-0007FF              100
        BANK8            000800-0008FF              100
        BANK9            000900-0009FF              100
        BIGRAM           00051C-0024FF             1FE4
        BIGSFR           000000-0004FF              500
                         002500-0025FF              100
        CODE             000004-000007                4
                         00001E-0025FF             25E2
                         002A53-01FFFF            1D5AD
        COMRAM           00051C-00055F               44
        CONFIG           30000A-300011                8
        CONST            000004-000007                4
                         00001E-0025FF             25E2
                         002A53-01FFFF            1D5AD
        EEDATA           380000-3803FF              400
        MEDIUMCONST      002A53-00FFFF             D5AD
                         012600-01FFFF             DA00
        RAM              000560-0024FF              100
        SFR              000000-0004FF              100
                         002500-0025FF              100
        SMALLCONST       002A53-01FFFF              100

                                  Symbol Table

IVTBASEH                                      (abs)        00045E
IVTBASEL                                      (abs)        00045D
IVTBASEU                                      (abs)        00045F
SPI1_ExchangeByte@data                        cstackCOMRAM 000513
SPI1_Open@spi1UniqueConfiguration             cstackCOMRAM 000517
SPI1_SetInterruptHandler@handler              cstackCOMRAM 000516
SPI1_SetRxInterruptHandler@handler            cstackCOMRAM 000516
SPI1_SetTxInterruptHandler@handler            cstackCOMRAM 000516
UART1_SetErrorHandler@interruptHandler        cstackCOMRAM 000516
UART1_SetFramingErrorHandler@interruptHandler cstackCOMRAM 000516
UART1_SetOverrunErrorHandler@interruptHandler cstackCOMRAM 000516
_ACTCON                                       (abs)        0000AC
_ANSELA                                       (abs)        000400
_ANSELB                                       (abs)        000408
_ANSELC                                       (abs)        000410
_ANSELD                                       (abs)        000418
_ANSELE                                       (abs)        000420
_ANSELF                                       (abs)        000428
_INLVLA                                       (abs)        000404
_INLVLB                                       (abs)        00040C
_INLVLC                                       (abs)        000414
_INLVLD                                       (abs)        00041C
_INLVLE                                       (abs)        000424
_INLVLF                                       (abs)        00042C
_INTCON0bits                                  (abs)        0004D6
_INTERRUPT_Initialize                         text13       002A48
_INTERRUPT_InterruptManager                   text15       0026DC
_LATA                                         (abs)        0004BE
_LATB                                         (abs)        0004BF
_LATC                                         (abs)        0004C0
_LATD                                         (abs)        0004C1
_LATE                                         (abs)        0004C2
_LATF                                         (abs)        0004C3
_MSSP                                         text18       002A3E
_ODCONA                                       (abs)        000402
_ODCONB                                       (abs)        00040A
_ODCONC                                       (abs)        000412
_ODCOND                                       (abs)        00041A
_ODCONE                                       (abs)        000422
_ODCONF                                       (abs)        00042A
_OSCCON1                                      (abs)        0000AD
_OSCCON3                                      (abs)        0000AF
_OSCEN                                        (abs)        0000B3
_OSCFRQ                                       (abs)        0000B1
_OSCILLATOR_Initialize                        text12       0029B4
_OSCTUNE                                      (abs)        0000B0
_PIE3bits                                     (abs)        0004A1
_PIN_MANAGER_Initialize                       text11       00279C
_PIR3bits                                     (abs)        0004B1
_PIR4bits                                     (abs)        0004B2
_PMD0                                         (abs)        000060
_PMD1                                         (abs)        000061
_PMD3                                         (abs)        000063
_PMD4                                         (abs)        000064
_PMD5                                         (abs)        000065
_PMD6                                         (abs)        000066
_PMD7                                         (abs)        000067
_PMD8                                         (abs)        000068
_PMD_Initialize                               text10       002970
_RB1I2C                                       (abs)        000289
_RB2I2C                                       (abs)        000288
_RC3I2C                                       (abs)        000287
_RC4I2C                                       (abs)        000286
_RC4PPS                                       (abs)        000215
_RF1PPS                                       (abs)        00022A
_ReceiveData                                  bssCOMRAM    000519
_SLRCONA                                      (abs)        000403
_SLRCONB                                      (abs)        00040B
_SLRCONC                                      (abs)        000413
_SLRCOND                                      (abs)        00041B
_SLRCONE                                      (abs)        000423
_SLRCONF                                      (abs)        00042B
_SPI1BAUD                                     (abs)        000089
_SPI1CLK                                      (abs)        00008C
_SPI1CON0                                     (abs)        000084
_SPI1CON0bits                                 (abs)        000084
_SPI1CON1                                     (abs)        000085
_SPI1CON2                                     (abs)        000086
_SPI1RXB                                      (abs)        000080
_SPI1SCKPPS                                   (abs)        00026A
_SPI1SDIPPS                                   (abs)        00026B
_SPI1SSPPS                                    (abs)        00026C
_SPI1TCNTL                                    (abs)        000082
_SPI1TXB                                      (abs)        000081
_SPI1_DefaultHandler                          text19       002A50
_SPI1_DefaultRxHandler                        text17       002A4E
_SPI1_DefaultTxHandler                        text16       002A4C
_SPI1_ExchangeByte                            text20       002994
_SPI1_Initialize                              text6        0028CE
_SPI1_InterruptHandler                        nvCOMRAM     000510
_SPI1_Open                                    text14       002608
_SPI1_RxInterruptHandler                      nvCOMRAM     00050D
_SPI1_SetInterruptHandler                     text9        002A30
_SPI1_SetRxInterruptHandler                   text8        002A22
_SPI1_SetTxInterruptHandler                   text7        002A14
_SPI1_TxInterruptHandler                      nvCOMRAM     00050A
_SYSTEM_Initialize                            text1        0029D0
_SendDataMaster                               dataCOMRAM   00051B
_TRISA                                        (abs)        0004C6
_TRISB                                        (abs)        0004C7
_TRISC                                        (abs)        0004C8
_TRISCbits                                    (abs)        0004C8
_TRISD                                        (abs)        0004C9
_TRISE                                        (abs)        0004CA
_TRISF                                        (abs)        0004CB
_U1BRGH                                       (abs)        0002AF
_U1BRGL                                       (abs)        0002AE
_U1CON0                                       (abs)        0002AB
_U1CON0bits                                   (abs)        0002AB
_U1CON1                                       (abs)        0002AC
_U1CON2                                       (abs)        0002AD
_U1ERRIE                                      (abs)        0002B3
_U1ERRIR                                      (abs)        0002B2
_U1ERRIRbits                                  (abs)        0002B2
_U1FIFO                                       (abs)        0002B0
_U1P1H                                        (abs)        0002A6
_U1P1L                                        (abs)        0002A5
_U1P2H                                        (abs)        0002A8
_U1P2L                                        (abs)        0002A7
_U1P3H                                        (abs)        0002AA
_U1P3L                                        (abs)        0002A9
_U1RXB                                        (abs)        0002A1
_U1RXPPS                                      (abs)        000272
_U1TXB                                        (abs)        0002A3
_U1UIR                                        (abs)        0002B1
_UART1_DefaultErrorHandler                    (abs)        000000
_UART1_DefaultFramingErrorHandler             (abs)        000000
_UART1_DefaultOverrunErrorHandler             (abs)        000000
_UART1_ErrorHandler                           nvCOMRAM     000501
_UART1_FramingErrorHandler                    nvCOMRAM     000507
_UART1_Initialize                             text2        00285A
_UART1_OverrunErrorHandler                    nvCOMRAM     000504
_UART1_SetErrorHandler                        text5        002A06
_UART1_SetFramingErrorHandler                 text4        0029F8
_UART1_SetOverrunErrorHandler                 text3        0029EA
_WPUA                                         (abs)        000401
_WPUB                                         (abs)        000409
_WPUC                                         (abs)        000411
_WPUD                                         (abs)        000419
_WPUE                                         (abs)        000421
_WPUF                                         (abs)        000429
__HRAM                                        (abs)        000000
__Habs1                                       abs1         000000
__Hbank10                                     bank10       000000
__Hbank11                                     bank11       000000
__Hbank12                                     bank12       000000
__Hbank13                                     bank13       000000
__Hbank14                                     bank14       000000
__Hbank15                                     bank15       000000
__Hbank16                                     bank16       000000
__Hbank17                                     bank17       000000
__Hbank18                                     bank18       000000
__Hbank19                                     bank19       000000
__Hbank20                                     bank20       000000
__Hbank21                                     bank21       000000
__Hbank22                                     bank22       000000
__Hbank23                                     bank23       000000
__Hbank24                                     bank24       000000
__Hbank25                                     bank25       000000
__Hbank26                                     bank26       000000
__Hbank27                                     bank27       000000
__Hbank28                                     bank28       000000
__Hbank29                                     bank29       000000
__Hbank30                                     bank30       000000
__Hbank31                                     bank31       000000
__Hbank32                                     bank32       000000
__Hbank33                                     bank33       000000
__Hbank34                                     bank34       000000
__Hbank35                                     bank35       000000
__Hbank36                                     bank36       000000
__Hbank5                                      bank5        000000
__Hbank6                                      bank6        000000
__Hbank7                                      bank7        000000
__Hbank8                                      bank8        000000
__Hbank9                                      bank9        000000
__Hbigbss                                     bigbss       000000
__Hbigdata                                    bigdata      000000
__Hbigram                                     bigram       000000
__Hbigsfr                                     bigsfr       000000
__Hbss                                        bss          000000
__HbssCOMRAM                                  bssCOMRAM    000000
__Hcinit                                      cinit        000000
__Hclrtext                                    clrtext      000000
__Hcomram                                     comram       000000
__Hconfig                                     config       30000A
__Hconst                                      const        000000
__HcstackCOMRAM                               cstackCOMRAM 000000
__Hdata                                       data         000000
__HdataCOMRAM                                 dataCOMRAM   000000
__Heeprom_data                                eeprom_data  000000
__Hfarbss                                     farbss       000000
__Hfardata                                    fardata      000000
__Hheap                                       heap         000000
__Hibigdata                                   ibigdata     000000
__Hidata                                      idata        000000
__HidataCOMRAM                                idataCOMRAM  000000
__Hidloc                                      idloc        200040
__Hifardata                                   ifardata     000000
__Hinit                                       init         00001E
__Hintsave_regs                               intsave_regs 000000
__Hirdata                                     irdata       000000
__Hivt0x8                                     ivt0x8       00001A
__Hmediumconst                                mediumconst  000000
__HnvCOMRAM                                   nvCOMRAM     000000
__HnvFARRAM                                   nvFARRAM     000000
__Hnvbit                                      nvbit        000000
__Hnvrram                                     nvrram       000000
__Hparam                                      rparam       000000
__Hpowerup                                    powerup      000000
__Hram                                        ram          000000
__Hramtop                                     ramtop       002600
__Hrbit                                       rbit         000000
__Hrbss                                       rbss         000000
__Hrdata                                      rdata        000000
__Hreset_vec                                  reset_vec    000004
__Hrparam                                     rparam       000000
__Hsfr                                        sfr          000000
__Hsmallconst                                 smallconst   002608
__Hspace_0                                    (abs)        002A53
__Hspace_1                                    (abs)        00051C
__Hspace_2                                    (abs)        000000
__Hspace_4                                    (abs)        60000A
__Hstack                                      stack        000000
__Hstruct                                     struct       000000
__Htemp                                       temp         000000
__Htext                                       text         000000
__Htext0                                      text0        000000
__Htext1                                      text1        000000
__Htext10                                     text10       000000
__Htext11                                     text11       000000
__Htext12                                     text12       000000
__Htext13                                     text13       000000
__Htext14                                     text14       000000
__Htext15                                     text15       000000
__Htext16                                     text16       000000
__Htext17                                     text17       000000
__Htext18                                     text18       000000
__Htext19                                     text19       000000
__Htext2                                      text2        000000
__Htext20                                     text20       000000
__Htext21                                     text21       000000
__Htext3                                      text3        000000
__Htext4                                      text4        000000
__Htext5                                      text5        000000
__Htext6                                      text6        000000
__Htext7                                      text7        000000
__Htext8                                      text8        000000
__Htext9                                      text9        000000
__LRAM                                        (abs)        000001
__Labs1                                       abs1         000000
__Lbank10                                     bank10       000000
__Lbank11                                     bank11       000000
__Lbank12                                     bank12       000000
__Lbank13                                     bank13       000000
__Lbank14                                     bank14       000000
__Lbank15                                     bank15       000000
__Lbank16                                     bank16       000000
__Lbank17                                     bank17       000000
__Lbank18                                     bank18       000000
__Lbank19                                     bank19       000000
__Lbank20                                     bank20       000000
__Lbank21                                     bank21       000000
__Lbank22                                     bank22       000000
__Lbank23                                     bank23       000000
__Lbank24                                     bank24       000000
__Lbank25                                     bank25       000000
__Lbank26                                     bank26       000000
__Lbank27                                     bank27       000000
__Lbank28                                     bank28       000000
__Lbank29                                     bank29       000000
__Lbank30                                     bank30       000000
__Lbank31                                     bank31       000000
__Lbank32                                     bank32       000000
__Lbank33                                     bank33       000000
__Lbank34                                     bank34       000000
__Lbank35                                     bank35       000000
__Lbank36                                     bank36       000000
__Lbank5                                      bank5        000000
__Lbank6                                      bank6        000000
__Lbank7                                      bank7        000000
__Lbank8                                      bank8        000000
__Lbank9                                      bank9        000000
__Lbigbss                                     bigbss       000000
__Lbigdata                                    bigdata      000000
__Lbigram                                     bigram       000000
__Lbigsfr                                     bigsfr       000000
__Lbss                                        bss          000000
__LbssCOMRAM                                  bssCOMRAM    000000
__Lcinit                                      cinit        000000
__Lclrtext                                    clrtext      000000
__Lcomram                                     comram       000000
__Lconfig                                     config       000000
__Lconst                                      const        000000
__LcstackCOMRAM                               cstackCOMRAM 000000
__Ldata                                       data         000000
__LdataCOMRAM                                 dataCOMRAM   000000
__Leeprom_data                                eeprom_data  000000
__Lfarbss                                     farbss       000000
__Lfardata                                    fardata      000000
__Lheap                                       heap         000000
__Libigdata                                   ibigdata     000000
__Lidata                                      idata        000000
__LidataCOMRAM                                idataCOMRAM  000000
__Lidloc                                      idloc        000000
__Lifardata                                   ifardata     000000
__Linit                                       init         00001A
__Lintsave_regs                               intsave_regs 000000
__Lirdata                                     irdata       000000
__Livt0x8                                     ivt0x8       000008
__Lmediumconst                                mediumconst  000000
__LnvCOMRAM                                   nvCOMRAM     000000
__LnvFARRAM                                   nvFARRAM     000000
__Lnvbit                                      nvbit        000000
__Lnvrram                                     nvrram       000000
__Lparam                                      rparam       000000
__Lpowerup                                    powerup      000000
__Lram                                        ram          000000
__Lramtop                                     ramtop       002600
__Lrbit                                       rbit         000000
__Lrbss                                       rbss         000000
__Lrdata                                      rdata        000000
__Lreset_vec                                  reset_vec    000000
__Lrparam                                     rparam       000000
__Lsfr                                        sfr          000000
__Lsmallconst                                 smallconst   002600
__Lspace_0                                    (abs)        000000
__Lspace_1                                    (abs)        000000
__Lspace_2                                    (abs)        000000
__Lspace_4                                    (abs)        000000
__Lstack                                      stack        000000
__Lstruct                                     struct       000000
__Ltemp                                       temp         000000
__Ltext                                       text         000000
__Ltext0                                      text0        000000
__Ltext1                                      text1        000000
__Ltext10                                     text10       000000
__Ltext11                                     text11       000000
__Ltext12                                     text12       000000
__Ltext13                                     text13       000000
__Ltext14                                     text14       000000
__Ltext15                                     text15       000000
__Ltext16                                     text16       000000
__Ltext17                                     text17       000000
__Ltext18                                     text18       000000
__Ltext19                                     text19       000000
__Ltext2                                      text2        000000
__Ltext20                                     text20       000000
__Ltext21                                     text21       000000
__Ltext3                                      text3        000000
__Ltext4                                      text4        000000
__Ltext5                                      text5        000000
__Ltext6                                      text6        000000
__Ltext7                                      text7        000000
__Ltext8                                      text8        000000
__Ltext9                                      text9        000000
__S0                                          (abs)        002A53
__S1                                          (abs)        00051C
__S4                                          (abs)        000000
__S5                                          (abs)        000000
___heap_hi                                    (abs)        000000
___heap_lo                                    (abs)        000000
___inthi_sp                                   stack        000000
___intlo_sp                                   stack        000000
___param_bank                                 (abs)        000000
___rparam_used                                (abs)        000001
___sp                                         stack        000000
__accesstop                                   (abs)        000560
__activetblptr                                (abs)        000003
__end_of_INTERRUPT_Initialize                 text13       002A4C
__end_of_INTERRUPT_InterruptManager           text15       00279C
__end_of_MSSP                                 text18       002A48
__end_of_OSCILLATOR_Initialize                text12       0029D0
__end_of_PIN_MANAGER_Initialize               text11       00285A
__end_of_PMD_Initialize                       text10       002994
__end_of_SPI1_DefaultHandler                  text19       002A52
__end_of_SPI1_DefaultRxHandler                text17       002A50
__end_of_SPI1_DefaultTxHandler                text16       002A4E
__end_of_SPI1_ExchangeByte                    text20       0029B4
__end_of_SPI1_Initialize                      text6        00291E
__end_of_SPI1_Open                            text14       0026DC
__end_of_SPI1_SetInterruptHandler             text9        002A3E
__end_of_SPI1_SetRxInterruptHandler           text8        002A30
__end_of_SPI1_SetTxInterruptHandler           text7        002A22
__end_of_SYSTEM_Initialize                    text1        0029EA
__end_of_UART1_Initialize                     text2        0028CE
__end_of_UART1_SetErrorHandler                text5        002A14
__end_of_UART1_SetFramingErrorHandler         text4        002A06
__end_of_UART1_SetOverrunErrorHandler         text3        0029F8
__end_of__initialization                      cinit        002942
__end_of_main                                 text0        002970
__end_of_spi1_configuration                   smallconst   002606
__initialization                              cinit        00291E
__mediumconst                                 mediumconst  000000
__pbssCOMRAM                                  bssCOMRAM    000519
__pcinit                                      cinit        00291E
__pcstackCOMRAM                               cstackCOMRAM 000513
__pdataCOMRAM                                 dataCOMRAM   00051B
__pidataCOMRAM                                idataCOMRAM  002A52
__pivt0x8                                     ivt0x8       000008
__pnvCOMRAM                                   nvCOMRAM     000501
__psmallconst                                 smallconst   002600
__ptext0                                      text0        002948
__ptext1                                      text1        0029D0
__ptext10                                     text10       002970
__ptext11                                     text11       00279C
__ptext12                                     text12       0029B4
__ptext13                                     text13       002A48
__ptext14                                     text14       002608
__ptext15                                     text15       0026DC
__ptext16                                     text16       002A4C
__ptext17                                     text17       002A4E
__ptext18                                     text18       002A3E
__ptext19                                     text19       002A50
__ptext2                                      text2        00285A
__ptext20                                     text20       002994
__ptext21                                     text21       000000
__ptext3                                      text3        0029EA
__ptext4                                      text4        0029F8
__ptext5                                      text5        002A06
__ptext6                                      text6        0028CE
__ptext7                                      text7        002A14
__ptext8                                      text8        002A22
__ptext9                                      text9        002A30
__ramtop                                      ramtop       002600
__smallconst                                  smallconst   002600
_main                                         text0        002948
_spi1_configuration                           smallconst   002601
_uart1RxLastError                             bssCOMRAM    00051A
end_of_initialization                         cinit        002942
intlevel0                                     text         000000
intlevel1                                     text         000000
intlevel2                                     text         000000
intlevel3                                     text         000000
isa$std                                       (abs)        000001
isa$xinst                                     (abs)        000000
ivt0x8_base                                   ivt0x8       000008
stackhi                                       (abs)        000000
stacklo                                       (abs)        000000
start                                         init         00001A
start_initialization                          cinit        00291E


MODULE INFORMATION

Module		Function		Class		Link	Load	Size
mcc_generated_files/interrupt_manager.c
		_INTERRUPT_Initialize		CODE           	2A48	0000	4
		_INTERRUPT_InterruptManager		CODE           	26DC	0000	192

mcc_generated_files/interrupt_manager.c estimated size: 196

mcc_generated_files/pin_manager.c
		_PIN_MANAGER_Initialize		CODE           	279C	0000	190

mcc_generated_files/pin_manager.c estimated size: 190

mcc_generated_files/spi1.c
		_SPI1_DefaultRxHandler		CODE           	2A4E	0000	2
		_SPI1_DefaultTxHandler		CODE           	2A4C	0000	2
		_SPI1_DefaultHandler		CODE           	2A50	0000	2
		_SPI1_Open     		CODE           	2608	0000	212
		_SPI1_Initialize		CODE           	28CE	0000	80
		_SPI1_SetRxInterruptHandler		CODE           	2A22	0000	14
		_SPI1_SetTxInterruptHandler		CODE           	2A14	0000	14
		_SPI1_SetInterruptHandler		CODE           	2A30	0000	14
		_SPI1_ExchangeByte		CODE           	2994	0000	32

mcc_generated_files/spi1.c estimated size: 372

mcc_generated_files/uart1.c
		_UART1_SetFramingErrorHandler		CODE           	29F8	0000	14
		_UART1_SetOverrunErrorHandler		CODE           	29EA	0000	14
		_UART1_Initialize		CODE           	285A	0000	116
		_UART1_SetErrorHandler		CODE           	2A06	0000	14

mcc_generated_files/uart1.c estimated size: 158

shared
		__initialization		CODE           	291E	0000	36
		_spi1_configuration		SMALLCONST     	2601	0000	5

shared estimated size: 41

mcc_generated_files/mcc.c
		_PMD_Initialize		CODE           	2970	0000	36
		_OSCILLATOR_Initialize		CODE           	29B4	0000	28
		_SYSTEM_Initialize		CODE           	29D0	0000	26

mcc_generated_files/mcc.c estimated size: 90

main.c
		_MSSP          		CODE           	2A3E	0000	10
		_main          		CODE           	2948	0000	40

main.c estimated size: 50

