Microchip MPLAB XC8 Compiler V2.40

Linker command line:

-W-3 \
  --edf=C:\Program Files\Microchip\xc8\v2.40\pic\dat\20220703182018_en.msgs \
  -pivt0x8=08h -cn -h+dist/default/production\SOM3_PICQ43.X.production.sym \
  --cmf=dist/default/production\SOM3_PICQ43.X.production.cmf -z -Q18F57Q43 \
  -oC:\Users\surendra\AppData\Local\Temp\xcAscqc.4 --defsym=__MPLAB_BUILD=1 \
  --fixupoverflow=error \
  -Mdist/default/production/SOM3_PICQ43.X.production.map \
  --md=C:\Users\surendra\AppData\Local\Temp\xcAscqc.dat -E1 \
  -ver=XC8 Compiler --acfsm=1493 -ACODE=00h-01FFFFh -ACONST=00h-01FFFFh \
  -ASMALLCONST=02600h-026FFhx474 \
  -AMEDIUMCONST=02600h-0FFFFh,012600h-01FFFFh -ACOMRAM=0501h-055Fh \
  -AABS1=0500h-024FFh -ABIGRAM=0501h-024FFh \
  -ARAM=0560h-05FFh,0600h-06FFhx31 -ABANK5=0560h-05FFh -ABANK6=0600h-06FFh \
  -ABANK7=0700h-07FFh -ABANK8=0800h-08FFh -ABANK9=0900h-09FFh \
  -ABANK10=0A00h-0AFFh -ABANK11=0B00h-0BFFh -ABANK12=0C00h-0CFFh \
  -ABANK13=0D00h-0DFFh -ABANK14=0E00h-0EFFh -ABANK15=0F00h-0FFFh \
  -ABANK16=01000h-010FFh -ABANK17=01100h-011FFh -ABANK18=01200h-012FFh \
  -ABANK19=01300h-013FFh -ABANK20=01400h-014FFh -ABANK21=01500h-015FFh \
  -ABANK22=01600h-016FFh -ABANK23=01700h-017FFh -ABANK24=01800h-018FFh \
  -ABANK25=01900h-019FFh -ABANK26=01A00h-01AFFh -ABANK27=01B00h-01BFFh \
  -ABANK28=01C00h-01CFFh -ABANK29=01D00h-01DFFh -ABANK30=01E00h-01EFFh \
  -ABANK31=01F00h-01FFFh -ABANK32=02000h-020FFh -ABANK33=02100h-021FFh \
  -ABANK34=02200h-022FFh -ABANK35=02300h-023FFh -ABANK36=02400h-024FFh \
  -ASFR=00h-0FFhx4,0400h-045Fh,0460h-04FFh,02500h-025FFh \
  -ABIGSFR=00h-04FFh,02500h-025FFh -ACONFIG=0300000h-0300011h \
  -AIDLOC=0200000h-020003Fh -AEEDATA=0380000h-03803FFh -peeprom_data=EEDATA \
  -preset_vec=00h -ppowerup=CODE,init -pramtop=02600h \
  -psmallconst=SMALLCONST -pmediumconst=MEDIUMCONST -pconst=CONST \
  -AFARRAM=00h-00h \
  -prdata=COMRAM,nvrram=COMRAM,nvbit=COMRAM,rbss=COMRAM,rbit=COMRAM \
  -pfarbss=FARRAM,fardata=FARRAM,nvFARRAM=FARRAM \
  -pintsave_regs=BIGRAM,bigbss=BIGRAM,bigdata=BIGRAM -pbss=RAM \
  -pidata=CODE,irdata=CODE,ibigdata=CODE,ifardata=CODE -prparam=COMRAM \
  C:\Users\surendra\AppData\Local\Temp\xcAscqc.o \
  dist/default/production\SOM3_PICQ43.X.production.o 

Object code version is 3.11

Machine type is 18F57Q43



                Name                               Link     Load   Length Selector   Space Scale
C:\Users\surendra\AppData\Local\Temp\xcAscqc.o
                idloc                            200000   200000       40        0       5
                config                           300000   300000        A        0       4
                init                                 1A       1A        4        4       0
                reset_vec                             0        0        4        0       0
dist/default/production\SOM3_PICQ43.X.production.o
                idloc                            200000   200000       40        0       5
                config                           300000   300000        A        0       4
                smallconst                         2600     2600       40     1300       0
                ivt0x8                                8        8       12        4       0
                text47                             2D90     2D90        2     1320       0
                text46                             2B44     2B44       30     1320       0
                text45                             2D7A     2D7A        8     1320       0
                text44                             2D8E     2D8E        2     1320       0
                text43                             2B14     2B14       30     1320       0
                text42                             2D72     2D72        8     1320       0
                text41                             2D8C     2D8C        2     1320       0
                text40                             2AE4     2AE4       30     1320       0
                text39                             2D6A     2D6A        8     1320       0
                text38                             273E     273E       7E     1320       0
                text37                             2D4C     2D4C        C     1320       0
                text36                             2D82     2D82        6     1320       0
                text35                             2D62     2D62        8     1320       0
                text34                             2D58     2D58        A     1320       0
                text33                             2A06     2A06       5C     1320       0
                text32                             2D3E     2D3E        E     1320       0
                text31                             2D30     2D30        E     1320       0
                text30                             2D22     2D22        E     1320       0
                text29                             2A62     2A62       44     1320       0
                text28                             2BC4     2BC4       22     1320       0
                text27                             2D88     2D88        4     1320       0
                text26                             2C06     2C06       1C     1320       0
                text25                             2640     2640       FE     1320       0
                text24                             2BA0     2BA0       24     1320       0
                text23                             2D14     2D14        E     1320       0
                text22                             2D06     2D06        E     1320       0
                text21                             2CF8     2CF8        E     1320       0
                text20                             28B0     28B0       7A     1320       0
                text19                             2CEA     2CEA        E     1320       0
                text18                             2CDC     2CDC        E     1320       0
                text17                             2CCE     2CCE        E     1320       0
                text16                             2836     2836       7A     1320       0
                text15                             2CC0     2CC0        E     1320       0
                text14                             2CB2     2CB2        E     1320       0
                text13                             2CA4     2CA4        E     1320       0
                text12                             27BC     27BC       7A     1320       0
                text11                             2C22     2C22       1A     1320       0
                text10                             2C3C     2C3C       14     1320       0
                text9                              2C96     2C96        E     1320       0
                text8                              2C88     2C88        E     1320       0
                text7                              2C7A     2C7A        E     1320       0
                text6                              292A     292A       74     1320       0
                text5                              2C6C     2C6C        E     1320       0
                text4                              2C5E     2C5E        E     1320       0
                text3                              2C50     2C50        E     1320       0
                text2                              299E     299E       68     1320       0
                text1                              2AA6     2AA6       3E     1320       0
                text0                              2B74     2B74       2C     1320       0
                cstackCOMRAM                        557      557        7      501       1
                bssCOMRAM                           501      501       2C      501       1
                cinit                              2BE6     2BE6       20     1320       0
                nvBANK5                             560      560        C      560       1
                nvCOMRAM                            52D      52D       2A      501       1

TOTAL           Name                               Link     Load   Length     Space
        CLASS   CODE           
                init                                 1A       1A        4         0
                reset_vec                             0        0        4         0
                ivt0x8                                8        8       12         0
                text47                             2D90     2D90        2         0
                text46                             2B44     2B44       30         0
                text45                             2D7A     2D7A        8         0
                text44                             2D8E     2D8E        2         0
                text43                             2B14     2B14       30         0
                text42                             2D72     2D72        8         0
                text41                             2D8C     2D8C        2         0
                text40                             2AE4     2AE4       30         0
                text39                             2D6A     2D6A        8         0
                text38                             273E     273E       7E         0
                text37                             2D4C     2D4C        C         0
                text36                             2D82     2D82        6         0
                text35                             2D62     2D62        8         0
                text34                             2D58     2D58        A         0
                text33                             2A06     2A06       5C         0
                text32                             2D3E     2D3E        E         0
                text31                             2D30     2D30        E         0
                text30                             2D22     2D22        E         0
                text29                             2A62     2A62       44         0
                text28                             2BC4     2BC4       22         0
                text27                             2D88     2D88        4         0
                text26                             2C06     2C06       1C         0
                text25                             2640     2640       FE         0
                text24                             2BA0     2BA0       24         0
                text23                             2D14     2D14        E         0
                text22                             2D06     2D06        E         0
                text21                             2CF8     2CF8        E         0
                text20                             28B0     28B0       7A         0
                text19                             2CEA     2CEA        E         0
                text18                             2CDC     2CDC        E         0
                text17                             2CCE     2CCE        E         0
                text16                             2836     2836       7A         0
                text15                             2CC0     2CC0        E         0
                text14                             2CB2     2CB2        E         0
                text13                             2CA4     2CA4        E         0
                text12                             27BC     27BC       7A         0
                text11                             2C22     2C22       1A         0
                text10                             2C3C     2C3C       14         0
                text9                              2C96     2C96        E         0
                text8                              2C88     2C88        E         0
                text7                              2C7A     2C7A        E         0
                text6                              292A     292A       74         0
                text5                              2C6C     2C6C        E         0
                text4                              2C5E     2C5E        E         0
                text3                              2C50     2C50        E         0
                text2                              299E     299E       68         0
                text1                              2AA6     2AA6       3E         0
                text0                              2B74     2B74       2C         0
                cinit                              2BE6     2BE6       20         0

        CLASS   CONST          

        CLASS   SMALLCONST     
                smallconst                         2600     2600       40         0

        CLASS   MEDIUMCONST    

        CLASS   COMRAM         
                cstackCOMRAM                        557      557        7         1
                bssCOMRAM                           501      501       2C         1
                nvCOMRAM                            52D      52D       2A         1

        CLASS   ABS1           

        CLASS   BIGRAM         

        CLASS   RAM            

        CLASS   BANK5          
                nvBANK5                             560      560        C         1

        CLASS   BANK6          

        CLASS   BANK7          

        CLASS   BANK8          

        CLASS   BANK9          

        CLASS   BANK10         

        CLASS   BANK11         

        CLASS   BANK12         

        CLASS   BANK13         

        CLASS   BANK14         

        CLASS   BANK15         

        CLASS   BANK16         

        CLASS   BANK17         

        CLASS   BANK18         

        CLASS   BANK19         

        CLASS   BANK20         

        CLASS   BANK21         

        CLASS   BANK22         

        CLASS   BANK23         

        CLASS   BANK24         

        CLASS   BANK25         

        CLASS   BANK26         

        CLASS   BANK27         

        CLASS   BANK28         

        CLASS   BANK29         

        CLASS   BANK30         

        CLASS   BANK31         

        CLASS   BANK32         

        CLASS   BANK33         

        CLASS   BANK34         

        CLASS   BANK35         

        CLASS   BANK36         

        CLASS   SFR            

        CLASS   BIGSFR         

        CLASS   CONFIG         
                config                           300000   300000        A         4

        CLASS   IDLOC          
                idloc                            200000   200000       40         5

        CLASS   EEDATA         

        CLASS   FARRAM         

        CLASS   HEAP           

        CLASS   STACK          



SEGMENTS        Name                           Load    Length   Top    Selector   Space  Class

                reset_vec                      000000  000004  000004         0       0  CODE    
                ivt0x8                         000008  000016  00001E         4       0  CODE    
                bssCOMRAM                      000501  00005D  00055E       501       1  COMRAM  
                nvBANK5                        000560  00000C  00056C       560       1  BANK5   
                smallconst                     002600  000040  002640      1300       0  SMALLCON
                text25                         002640  000752  002D92      1320       0  CODE    


UNUSED ADDRESS RANGES

        Name                Unused          Largest block    Delta
        BANK10           000A00-000AFF              100
        BANK11           000B00-000BFF              100
        BANK12           000C00-000CFF              100
        BANK13           000D00-000DFF              100
        BANK14           000E00-000EFF              100
        BANK15           000F00-000FFF              100
        BANK16           001000-0010FF              100
        BANK17           001100-0011FF              100
        BANK18           001200-0012FF              100
        BANK19           001300-0013FF              100
        BANK20           001400-0014FF              100
        BANK21           001500-0015FF              100
        BANK22           001600-0016FF              100
        BANK23           001700-0017FF              100
        BANK24           001800-0018FF              100
        BANK25           001900-0019FF              100
        BANK26           001A00-001AFF              100
        BANK27           001B00-001BFF              100
        BANK28           001C00-001CFF              100
        BANK29           001D00-001DFF              100
        BANK30           001E00-001EFF              100
        BANK31           001F00-001FFF              100
        BANK32           002000-0020FF              100
        BANK33           002100-0021FF              100
        BANK34           002200-0022FF              100
        BANK35           002300-0023FF              100
        BANK36           002400-0024FF              100
        BANK5            00056C-0005FF               94
        BANK6            000600-0006FF              100
        BANK7            000700-0007FF              100
        BANK8            000800-0008FF              100
        BANK9            000900-0009FF              100
        BIGRAM           00055E-00055F                2
                         00056C-0024FF             1F94
        BIGSFR           000000-0004FF              500
                         002500-0025FF              100
        CODE             000004-000007                4
                         00001E-0025FF             25E2
                         002D92-01FFFF            1D26E
        COMRAM           00055E-00055F                2
        CONFIG           30000A-300011                8
        CONST            000004-000007                4
                         00001E-0025FF             25E2
                         002D92-01FFFF            1D26E
        EEDATA           380000-3803FF              400
        MEDIUMCONST      002D92-00FFFF             D26E
                         012600-01FFFF             DA00
        RAM              00056C-0024FF              100
        SFR              000000-0004FF              100
                         002500-0025FF              100
        SMALLCONST       002D92-01FFFF              100

                                  Symbol Table

DAC1_SetOutput@inputData                                      cstackCOMRAM 000559
INT0_SetInterruptHandler@InterruptHandler                     cstackCOMRAM 000559
INT1_SetInterruptHandler@InterruptHandler                     cstackCOMRAM 000559
INT2_SetInterruptHandler@InterruptHandler                     cstackCOMRAM 000559
IVTBASEH                                                      (abs)        00045E
IVTBASEL                                                      (abs)        00045D
IVTBASEU                                                      (abs)        00045F
PWM1_16BIT_Period_SetInterruptHandler@InterruptHandler        cstackCOMRAM 000559
PWM1_16BIT_Slice1Output1_SetInterruptHandler@InterruptHandler cstackCOMRAM 000559
PWM1_16BIT_Slice1Output2_SetInterruptHandler@InterruptHandler cstackCOMRAM 000559
PWM2_16BIT_Period_SetInterruptHandler@InterruptHandler        cstackCOMRAM 000559
PWM2_16BIT_Slice1Output1_SetInterruptHandler@InterruptHandler cstackCOMRAM 000559
PWM2_16BIT_Slice1Output2_SetInterruptHandler@InterruptHandler cstackCOMRAM 000559
PWM3_16BIT_Period_SetInterruptHandler@InterruptHandler        cstackCOMRAM 000559
PWM3_16BIT_Slice1Output1_SetInterruptHandler@InterruptHandler cstackCOMRAM 000559
PWM3_16BIT_Slice1Output2_SetInterruptHandler@InterruptHandler cstackCOMRAM 000559
SOM_DAC_SetOutput@InputData                                   cstackCOMRAM 00055A
UART1_SetErrorHandler@interruptHandler                        cstackCOMRAM 000559
UART1_SetFramingErrorHandler@interruptHandler                 cstackCOMRAM 000559
UART1_SetOverrunErrorHandler@interruptHandler                 cstackCOMRAM 000559
UART2_SetErrorHandler@interruptHandler                        cstackCOMRAM 000559
UART2_SetFramingErrorHandler@interruptHandler                 cstackCOMRAM 000559
UART2_SetOverrunErrorHandler@interruptHandler                 cstackCOMRAM 000559
_ACTCON                                                       (abs)        0000AC
_ADACCH                                                       (abs)        0003E4
_ADACCL                                                       (abs)        0003E3
_ADACCU                                                       (abs)        0003E5
_ADACQH                                                       (abs)        0003EF
_ADACQL                                                       (abs)        0003EE
_ADACT                                                        (abs)        0003F9
_ADCAP                                                        (abs)        0003F0
_ADCC_Initialize                                              text33       002A06
_ADCLK                                                        (abs)        0003FA
_ADCNT                                                        (abs)        0003E6
_ADCON0                                                       (abs)        0003F3
_ADCON0bits                                                   (abs)        0003F3
_ADCON1                                                       (abs)        0003F4
_ADCON1bits                                                   (abs)        0003F4
_ADCON2                                                       (abs)        0003F5
_ADCON2bits                                                   (abs)        0003F5
_ADCON3                                                       (abs)        0003F6
_ADCON3bits                                                   (abs)        0003F6
_ADERRH                                                       (abs)        0003DE
_ADERRL                                                       (abs)        0003DD
_ADFLTRH                                                      (abs)        0003E2
_ADFLTRL                                                      (abs)        0003E1
_ADLTHH                                                       (abs)        0003DA
_ADLTHL                                                       (abs)        0003D9
_ADPCH                                                        (abs)        0003EC
_ADPREH                                                       (abs)        0003F2
_ADPREL                                                       (abs)        0003F1
_ADPREVH                                                      (abs)        0003E9
_ADPREVL                                                      (abs)        0003E8
_ADREF                                                        (abs)        0003F8
_ADRESH                                                       (abs)        0003EB
_ADRESL                                                       (abs)        0003EA
_ADRPT                                                        (abs)        0003E7
_ADSTAT                                                       (abs)        0003F7
_ADSTATbits                                                   (abs)        0003F7
_ADSTPTH                                                      (abs)        0003E0
_ADSTPTL                                                      (abs)        0003DF
_ADUTHH                                                       (abs)        0003DC
_ADUTHL                                                       (abs)        0003DB
_ANSELA                                                       (abs)        000400
_ANSELB                                                       (abs)        000408
_ANSELBbits                                                   (abs)        000408
_ANSELC                                                       (abs)        000410
_ANSELCbits                                                   (abs)        000410
_ANSELD                                                       (abs)        000418
_ANSELDbits                                                   (abs)        000418
_ANSELE                                                       (abs)        000420
_ANSELEbits                                                   (abs)        000420
_ANSELF                                                       (abs)        000428
_ANSELFbits                                                   (abs)        000428
_DAC1CON                                                      (abs)        00007F
_DAC1DATL                                                     (abs)        00007D
_DAC1_Initialize                                              text37       002D4C
_DAC1_SetOutput                                               text35       002D62
_EXT_INT_Initialize                                           text29       002A62
_I2C1CLK                                                      (abs)        00029C
_I2C1CNT                                                      (abs)        00028D
_I2C1CON0                                                     (abs)        000294
_I2C1CON0bits                                                 (abs)        000294
_I2C1CON1                                                     (abs)        000295
_I2C1CON1bits                                                 (abs)        000295
_I2C1CON2                                                     (abs)        000296
_I2C1ERR                                                      (abs)        000297
_I2C1ERRbits                                                  (abs)        000297
_I2C1PIE                                                      (abs)        00029B
_I2C1PIEbits                                                  (abs)        00029B
_I2C1PIR                                                      (abs)        00029A
_I2C1PIRbits                                                  (abs)        00029A
_I2C1RXB                                                      (abs)        00028B
_I2C1SCLPPS                                                   (abs)        000271
_I2C1SDAPPS                                                   (abs)        000270
_I2C1STAT1bits                                                (abs)        000299
_I2C1TXB                                                      (abs)        00028C
_I2C1_CallbackReturnReset                                     (abs)        000000
_I2C1_CallbackReturnStop                                      (abs)        000000
_I2C1_DO_ADDRESS_NACK                                         (abs)        000000
_I2C1_DO_BUS_COLLISION                                        (abs)        000000
_I2C1_DO_BUS_ERROR                                            (abs)        000000
_I2C1_DO_IDLE                                                 (abs)        000000
_I2C1_DO_RESET                                                (abs)        000000
_I2C1_DO_RX                                                   (abs)        000000
_I2C1_DO_RX_ACK                                               (abs)        000000
_I2C1_DO_RX_EMPTY                                             (abs)        000000
_I2C1_DO_RX_NACK_RESTART                                      (abs)        000000
_I2C1_DO_RX_NACK_STOP                                         (abs)        000000
_I2C1_DO_SEND_ADR_READ                                        (abs)        000000
_I2C1_DO_SEND_ADR_WRITE                                       (abs)        000000
_I2C1_DO_SEND_RESTART                                         (abs)        000000
_I2C1_DO_SEND_RESTART_READ                                    (abs)        000000
_I2C1_DO_SEND_RESTART_WRITE                                   (abs)        000000
_I2C1_DO_SEND_STOP                                            (abs)        000000
_I2C1_DO_TX                                                   (abs)        000000
_I2C1_DO_TX_ACK                                               (abs)        000000
_I2C1_DO_TX_EMPTY                                             (abs)        000000
_I2C1_Initialize                                              text28       002BC4
_I2C1_Status                                                  bssCOMRAM    000501
_INLVLA                                                       (abs)        000404
_INLVLB                                                       (abs)        00040C
_INLVLC                                                       (abs)        000414
_INLVLD                                                       (abs)        00041C
_INLVLE                                                       (abs)        000424
_INLVLF                                                       (abs)        00042C
_INT0PPS                                                      (abs)        00023E
_INT0_CallBack                                                text46       002B44
_INT0_DefaultInterruptHandler                                 text47       002D90
_INT0_ISR                                                     text45       002D7A
_INT0_InterruptHandler                                        nvCOMRAM     00054B
_INT0_SetInterruptHandler                                     text32       002D3E
_INT1PPS                                                      (abs)        00023F
_INT1_CallBack                                                text43       002B14
_INT1_DefaultInterruptHandler                                 text44       002D8E
_INT1_ISR                                                     text42       002D72
_INT1_InterruptHandler                                        nvCOMRAM     000548
_INT1_SetInterruptHandler                                     text31       002D30
_INT2PPS                                                      (abs)        000240
_INT2_CallBack                                                text40       002AE4
_INT2_DefaultInterruptHandler                                 text41       002D8C
_INT2_ISR                                                     text39       002D6A
_INT2_InterruptHandler                                        nvCOMRAM     000545
_INT2_SetInterruptHandler                                     text30       002D22
_INTCON0bits                                                  (abs)        0004D6
_INTERRUPT_Initialize                                         text27       002D88
_INTERRUPT_InterruptManager                                   text38       00273E
_LATA                                                         (abs)        0004BE
_LATB                                                         (abs)        0004BF
_LATBbits                                                     (abs)        0004BF
_LATC                                                         (abs)        0004C0
_LATCbits                                                     (abs)        0004C0
_LATD                                                         (abs)        0004C1
_LATDbits                                                     (abs)        0004C1
_LATE                                                         (abs)        0004C2
_LATEbits                                                     (abs)        0004C2
_LATF                                                         (abs)        0004C3
_LATFbits                                                     (abs)        0004C3
_ODCONA                                                       (abs)        000402
_ODCONB                                                       (abs)        00040A
_ODCONBbits                                                   (abs)        00040A
_ODCONC                                                       (abs)        000412
_ODCONCbits                                                   (abs)        000412
_ODCOND                                                       (abs)        00041A
_ODCONDbits                                                   (abs)        00041A
_ODCONE                                                       (abs)        000422
_ODCONEbits                                                   (abs)        000422
_ODCONF                                                       (abs)        00042A
_ODCONFbits                                                   (abs)        00042A
_OSCCON1                                                      (abs)        0000AD
_OSCCON3                                                      (abs)        0000AF
_OSCEN                                                        (abs)        0000B3
_OSCFRQ                                                       (abs)        0000B1
_OSCILLATOR_Initialize                                        text26       002C06
_OSCTUNE                                                      (abs)        0000B0
_PIE10bits                                                    (abs)        0004A8
_PIE1bits                                                     (abs)        00049F
_PIE4bits                                                     (abs)        0004A2
_PIE5bits                                                     (abs)        0004A3
_PIE6bits                                                     (abs)        0004A4
_PIE7bits                                                     (abs)        0004A5
_PIN_MANAGER_Initialize                                       text25       002640
_PIR10bits                                                    (abs)        0004B8
_PIR1bits                                                     (abs)        0004AF
_PIR3bits                                                     (abs)        0004B1
_PIR4bits                                                     (abs)        0004B2
_PIR5bits                                                     (abs)        0004B3
_PIR6bits                                                     (abs)        0004B4
_PIR7bits                                                     (abs)        0004B5
_PIR8bits                                                     (abs)        0004B6
_PMD0                                                         (abs)        000060
_PMD1                                                         (abs)        000061
_PMD3                                                         (abs)        000063
_PMD4                                                         (abs)        000064
_PMD5                                                         (abs)        000065
_PMD6                                                         (abs)        000066
_PMD7                                                         (abs)        000067
_PMD8                                                         (abs)        000068
_PMD_Initialize                                               text24       002BA0
_PORTBbits                                                    (abs)        0004CF
_PORTCbits                                                    (abs)        0004D0
_PORTDbits                                                    (abs)        0004D1
_PORTEbits                                                    (abs)        0004D2
_PORTFbits                                                    (abs)        0004D3
_PWM1CLK                                                      (abs)        000461
_PWM1CON                                                      (abs)        000469
_PWM1CONbits                                                  (abs)        000469
_PWM1CPRE                                                     (abs)        000465
_PWM1ERS                                                      (abs)        000460
_PWM1GIE                                                      (abs)        000468
_PWM1GIEbits                                                  (abs)        000468
_PWM1GIR                                                      (abs)        000467
_PWM1GIRbits                                                  (abs)        000467
_PWM1LDS                                                      (abs)        000462
_PWM1PIPOS                                                    (abs)        000466
_PWM1PRH                                                      (abs)        000464
_PWM1PRL                                                      (abs)        000463
_PWM1S1CFG                                                    (abs)        00046A
_PWM1S1P1H                                                    (abs)        00046C
_PWM1S1P1L                                                    (abs)        00046B
_PWM1S1P2H                                                    (abs)        00046E
_PWM1S1P2L                                                    (abs)        00046D
_PWM1_16BIT_Initialize                                        text20       0028B0
_PWM1_16BIT_Period_DefaultInterruptHandler                    (abs)        000000
_PWM1_16BIT_Period_InterruptHandler                           nvCOMRAM     00054E
_PWM1_16BIT_Period_SetInterruptHandler                        text23       002D14
_PWM1_16BIT_Slice1Output1_DefaultInterruptHandler             (abs)        000000
_PWM1_16BIT_Slice1Output1_InterruptHandler                    nvCOMRAM     000554
_PWM1_16BIT_Slice1Output1_SetInterruptHandler                 text22       002D06
_PWM1_16BIT_Slice1Output2_DefaultInterruptHandler             (abs)        000000
_PWM1_16BIT_Slice1Output2_InterruptHandler                    nvCOMRAM     000551
_PWM1_16BIT_Slice1Output2_SetInterruptHandler                 text21       002CF8
_PWM2CLK                                                      (abs)        000470
_PWM2CON                                                      (abs)        000478
_PWM2CONbits                                                  (abs)        000478
_PWM2CPRE                                                     (abs)        000474
_PWM2ERS                                                      (abs)        00046F
_PWM2GIE                                                      (abs)        000477
_PWM2GIEbits                                                  (abs)        000477
_PWM2GIR                                                      (abs)        000476
_PWM2GIRbits                                                  (abs)        000476
_PWM2LDS                                                      (abs)        000471
_PWM2PIPOS                                                    (abs)        000475
_PWM2PRH                                                      (abs)        000473
_PWM2PRL                                                      (abs)        000472
_PWM2S1CFG                                                    (abs)        000479
_PWM2S1P1H                                                    (abs)        00047B
_PWM2S1P1L                                                    (abs)        00047A
_PWM2S1P2H                                                    (abs)        00047D
_PWM2S1P2L                                                    (abs)        00047C
_PWM2_16BIT_Initialize                                        text16       002836
_PWM2_16BIT_Period_DefaultInterruptHandler                    (abs)        000000
_PWM2_16BIT_Period_InterruptHandler                           nvCOMRAM     000533
_PWM2_16BIT_Period_SetInterruptHandler                        text19       002CEA
_PWM2_16BIT_Slice1Output1_DefaultInterruptHandler             (abs)        000000
_PWM2_16BIT_Slice1Output1_InterruptHandler                    nvCOMRAM     000539
_PWM2_16BIT_Slice1Output1_SetInterruptHandler                 text18       002CDC
_PWM2_16BIT_Slice1Output2_DefaultInterruptHandler             (abs)        000000
_PWM2_16BIT_Slice1Output2_InterruptHandler                    nvCOMRAM     000536
_PWM2_16BIT_Slice1Output2_SetInterruptHandler                 text17       002CCE
_PWM3CLK                                                      (abs)        00047F
_PWM3CON                                                      (abs)        000487
_PWM3CONbits                                                  (abs)        000487
_PWM3CPRE                                                     (abs)        000483
_PWM3ERS                                                      (abs)        00047E
_PWM3GIE                                                      (abs)        000486
_PWM3GIEbits                                                  (abs)        000486
_PWM3GIR                                                      (abs)        000485
_PWM3GIRbits                                                  (abs)        000485
_PWM3LDS                                                      (abs)        000480
_PWM3PIPOS                                                    (abs)        000484
_PWM3PRH                                                      (abs)        000482
_PWM3PRL                                                      (abs)        000481
_PWM3S1CFG                                                    (abs)        000488
_PWM3S1P1H                                                    (abs)        00048A
_PWM3S1P1L                                                    (abs)        000489
_PWM3S1P2H                                                    (abs)        00048C
_PWM3S1P2L                                                    (abs)        00048B
_PWM3_16BIT_Initialize                                        text12       0027BC
_PWM3_16BIT_Period_DefaultInterruptHandler                    (abs)        000000
_PWM3_16BIT_Period_InterruptHandler                           nvCOMRAM     00053C
_PWM3_16BIT_Period_SetInterruptHandler                        text15       002CC0
_PWM3_16BIT_Slice1Output1_DefaultInterruptHandler             (abs)        000000
_PWM3_16BIT_Slice1Output1_InterruptHandler                    nvCOMRAM     000542
_PWM3_16BIT_Slice1Output1_SetInterruptHandler                 text14       002CB2
_PWM3_16BIT_Slice1Output2_DefaultInterruptHandler             (abs)        000000
_PWM3_16BIT_Slice1Output2_InterruptHandler                    nvCOMRAM     00053F
_PWM3_16BIT_Slice1Output2_SetInterruptHandler                 text13       002CA4
_PWMIN0PPS                                                    (abs)        000257
_RB1I2C                                                       (abs)        000289
_RB1PPS                                                       (abs)        00020A
_RB2I2C                                                       (abs)        000288
_RB2PPS                                                       (abs)        00020B
_RC3I2C                                                       (abs)        000287
_RC4I2C                                                       (abs)        000286
_RC4PPS                                                       (abs)        000215
_RC6PPS                                                       (abs)        000217
_RC7PPS                                                       (abs)        000218
_RD0PPS                                                       (abs)        000219
_RD1PPS                                                       (abs)        00021A
_RD6PPS                                                       (abs)        00021F
_RF0PPS                                                       (abs)        000229
_SLRCONA                                                      (abs)        000403
_SLRCONB                                                      (abs)        00040B
_SLRCONC                                                      (abs)        000413
_SLRCOND                                                      (abs)        00041B
_SLRCONE                                                      (abs)        000423
_SLRCONF                                                      (abs)        00042B
_SOM_DAC_Initialize                                           text36       002D82
_SOM_DAC_SetOutput                                            text34       002D58
_SPI1BAUD                                                     (abs)        000089
_SPI1CLK                                                      (abs)        00008C
_SPI1CON0                                                     (abs)        000084
_SPI1CON0bits                                                 (abs)        000084
_SPI1CON1                                                     (abs)        000085
_SPI1CON2                                                     (abs)        000086
_SPI1RXB                                                      (abs)        000080
_SPI1SCKPPS                                                   (abs)        00026A
_SPI1SDIPPS                                                   (abs)        00026B
_SPI1TCNTL                                                    (abs)        000082
_SPI1TXB                                                      (abs)        000081
_SPI1_Initialize                                              text11       002C22
_SYSTEM_Initialize                                            text1        002AA6
_T0CKIPPS                                                     (abs)        000241
_T0CON0                                                       (abs)        00031A
_T0CON0bits                                                   (abs)        00031A
_T0CON1                                                       (abs)        00031B
_TMR0H                                                        (abs)        000319
_TMR0L                                                        (abs)        000318
_TMR0_Initialize                                              text10       002C3C
_TRISA                                                        (abs)        0004C6
_TRISB                                                        (abs)        0004C7
_TRISBbits                                                    (abs)        0004C7
_TRISC                                                        (abs)        0004C8
_TRISCbits                                                    (abs)        0004C8
_TRISD                                                        (abs)        0004C9
_TRISDbits                                                    (abs)        0004C9
_TRISE                                                        (abs)        0004CA
_TRISEbits                                                    (abs)        0004CA
_TRISF                                                        (abs)        0004CB
_TRISFbits                                                    (abs)        0004CB
_U1BRGH                                                       (abs)        0002AF
_U1BRGL                                                       (abs)        0002AE
_U1CON0                                                       (abs)        0002AB
_U1CON0bits                                                   (abs)        0002AB
_U1CON1                                                       (abs)        0002AC
_U1CON2                                                       (abs)        0002AD
_U1ERRIE                                                      (abs)        0002B3
_U1ERRIR                                                      (abs)        0002B2
_U1ERRIRbits                                                  (abs)        0002B2
_U1FIFO                                                       (abs)        0002B0
_U1P1H                                                        (abs)        0002A6
_U1P1L                                                        (abs)        0002A5
_U1P2H                                                        (abs)        0002A8
_U1P2L                                                        (abs)        0002A7
_U1P3H                                                        (abs)        0002AA
_U1P3L                                                        (abs)        0002A9
_U1RXB                                                        (abs)        0002A1
_U1RXPPS                                                      (abs)        000272
_U1TXB                                                        (abs)        0002A3
_U1UIR                                                        (abs)        0002B1
_U2BRGH                                                       (abs)        0002C2
_U2BRGL                                                       (abs)        0002C1
_U2CON0                                                       (abs)        0002BE
_U2CON0bits                                                   (abs)        0002BE
_U2CON1                                                       (abs)        0002BF
_U2CON2                                                       (abs)        0002C0
_U2ERRIE                                                      (abs)        0002C6
_U2ERRIR                                                      (abs)        0002C5
_U2ERRIRbits                                                  (abs)        0002C5
_U2FIFO                                                       (abs)        0002C3
_U2P1L                                                        (abs)        0002B8
_U2P2L                                                        (abs)        0002BA
_U2P3L                                                        (abs)        0002BC
_U2RXB                                                        (abs)        0002B4
_U2RXPPS                                                      (abs)        000274
_U2TXB                                                        (abs)        0002B6
_U2UIR                                                        (abs)        0002C4
_UART1_DefaultErrorHandler                                    (abs)        000000
_UART1_DefaultFramingErrorHandler                             (abs)        000000
_UART1_DefaultOverrunErrorHandler                             (abs)        000000
_UART1_ErrorHandler                                           nvBANK5      000569
_UART1_FramingErrorHandler                                    nvCOMRAM     000530
_UART1_Initialize                                             text6        00292A
_UART1_OverrunErrorHandler                                    nvCOMRAM     00052D
_UART1_SetErrorHandler                                        text9        002C96
_UART1_SetFramingErrorHandler                                 text8        002C88
_UART1_SetOverrunErrorHandler                                 text7        002C7A
_UART2_DefaultErrorHandler                                    (abs)        000000
_UART2_DefaultFramingErrorHandler                             (abs)        000000
_UART2_DefaultOverrunErrorHandler                             (abs)        000000
_UART2_ErrorHandler                                           nvBANK5      000560
_UART2_FramingErrorHandler                                    nvBANK5      000566
_UART2_Initialize                                             text2        00299E
_UART2_OverrunErrorHandler                                    nvBANK5      000563
_UART2_SetErrorHandler                                        text5        002C6C
_UART2_SetFramingErrorHandler                                 text4        002C5E
_UART2_SetOverrunErrorHandler                                 text3        002C50
_WPUA                                                         (abs)        000401
_WPUB                                                         (abs)        000409
_WPUBbits                                                     (abs)        000409
_WPUC                                                         (abs)        000411
_WPUCbits                                                     (abs)        000411
_WPUD                                                         (abs)        000419
_WPUDbits                                                     (abs)        000419
_WPUE                                                         (abs)        000421
_WPUEbits                                                     (abs)        000421
_WPUF                                                         (abs)        000429
_WPUFbits                                                     (abs)        000429
__HRAM                                                        (abs)        000000
__Habs1                                                       abs1         000000
__Hbank10                                                     bank10       000000
__Hbank11                                                     bank11       000000
__Hbank12                                                     bank12       000000
__Hbank13                                                     bank13       000000
__Hbank14                                                     bank14       000000
__Hbank15                                                     bank15       000000
__Hbank16                                                     bank16       000000
__Hbank17                                                     bank17       000000
__Hbank18                                                     bank18       000000
__Hbank19                                                     bank19       000000
__Hbank20                                                     bank20       000000
__Hbank21                                                     bank21       000000
__Hbank22                                                     bank22       000000
__Hbank23                                                     bank23       000000
__Hbank24                                                     bank24       000000
__Hbank25                                                     bank25       000000
__Hbank26                                                     bank26       000000
__Hbank27                                                     bank27       000000
__Hbank28                                                     bank28       000000
__Hbank29                                                     bank29       000000
__Hbank30                                                     bank30       000000
__Hbank31                                                     bank31       000000
__Hbank32                                                     bank32       000000
__Hbank33                                                     bank33       000000
__Hbank34                                                     bank34       000000
__Hbank35                                                     bank35       000000
__Hbank36                                                     bank36       000000
__Hbank5                                                      bank5        000000
__Hbank6                                                      bank6        000000
__Hbank7                                                      bank7        000000
__Hbank8                                                      bank8        000000
__Hbank9                                                      bank9        000000
__Hbigbss                                                     bigbss       000000
__Hbigdata                                                    bigdata      000000
__Hbigram                                                     bigram       000000
__Hbigsfr                                                     bigsfr       000000
__Hbss                                                        bss          000000
__HbssCOMRAM                                                  bssCOMRAM    000000
__Hcinit                                                      cinit        000000
__Hclrtext                                                    clrtext      000000
__Hcomram                                                     comram       000000
__Hconfig                                                     config       30000A
__Hconst                                                      const        000000
__HcstackCOMRAM                                               cstackCOMRAM 000000
__Hdata                                                       data         000000
__Heeprom_data                                                eeprom_data  000000
__Hfarbss                                                     farbss       000000
__Hfardata                                                    fardata      000000
__Hheap                                                       heap         000000
__Hibigdata                                                   ibigdata     000000
__Hidata                                                      idata        000000
__Hidloc                                                      idloc        200040
__Hifardata                                                   ifardata     000000
__Hinit                                                       init         00001E
__Hintsave_regs                                               intsave_regs 000000
__Hirdata                                                     irdata       000000
__Hivt0x8                                                     ivt0x8       00001A
__Hmediumconst                                                mediumconst  000000
__HnvBANK5                                                    nvBANK5      000000
__HnvCOMRAM                                                   nvCOMRAM     000000
__HnvFARRAM                                                   nvFARRAM     000000
__Hnvbit                                                      nvbit        000000
__Hnvrram                                                     nvrram       000000
__Hparam                                                      rparam       000000
__Hpowerup                                                    powerup      000000
__Hram                                                        ram          000000
__Hramtop                                                     ramtop       002600
__Hrbit                                                       rbit         000000
__Hrbss                                                       rbss         000000
__Hrdata                                                      rdata        000000
__Hreset_vec                                                  reset_vec    000004
__Hrparam                                                     rparam       000000
__Hsfr                                                        sfr          000000
__Hsmallconst                                                 smallconst   002640
__Hspace_0                                                    (abs)        002D92
__Hspace_1                                                    (abs)        00056C
__Hspace_2                                                    (abs)        000000
__Hspace_4                                                    (abs)        60000A
__Hstack                                                      stack        000000
__Hstruct                                                     struct       000000
__Htemp                                                       temp         000000
__Htext                                                       text         000000
__Htext0                                                      text0        000000
__Htext1                                                      text1        000000
__Htext10                                                     text10       000000
__Htext11                                                     text11       000000
__Htext12                                                     text12       000000
__Htext13                                                     text13       000000
__Htext14                                                     text14       000000
__Htext15                                                     text15       000000
__Htext16                                                     text16       000000
__Htext17                                                     text17       000000
__Htext18                                                     text18       000000
__Htext19                                                     text19       000000
__Htext2                                                      text2        000000
__Htext20                                                     text20       000000
__Htext21                                                     text21       000000
__Htext22                                                     text22       000000
__Htext23                                                     text23       000000
__Htext24                                                     text24       000000
__Htext25                                                     text25       000000
__Htext26                                                     text26       000000
__Htext27                                                     text27       000000
__Htext28                                                     text28       000000
__Htext29                                                     text29       000000
__Htext3                                                      text3        000000
__Htext30                                                     text30       000000
__Htext31                                                     text31       000000
__Htext32                                                     text32       000000
__Htext33                                                     text33       000000
__Htext34                                                     text34       000000
__Htext35                                                     text35       000000
__Htext36                                                     text36       000000
__Htext37                                                     text37       000000
__Htext38                                                     text38       000000
__Htext39                                                     text39       000000
__Htext4                                                      text4        000000
__Htext40                                                     text40       000000
__Htext41                                                     text41       000000
__Htext42                                                     text42       000000
__Htext43                                                     text43       000000
__Htext44                                                     text44       000000
__Htext45                                                     text45       000000
__Htext46                                                     text46       000000
__Htext47                                                     text47       000000
__Htext48                                                     text48       000000
__Htext5                                                      text5        000000
__Htext6                                                      text6        000000
__Htext7                                                      text7        000000
__Htext8                                                      text8        000000
__Htext9                                                      text9        000000
__LRAM                                                        (abs)        000001
__Labs1                                                       abs1         000000
__Lbank10                                                     bank10       000000
__Lbank11                                                     bank11       000000
__Lbank12                                                     bank12       000000
__Lbank13                                                     bank13       000000
__Lbank14                                                     bank14       000000
__Lbank15                                                     bank15       000000
__Lbank16                                                     bank16       000000
__Lbank17                                                     bank17       000000
__Lbank18                                                     bank18       000000
__Lbank19                                                     bank19       000000
__Lbank20                                                     bank20       000000
__Lbank21                                                     bank21       000000
__Lbank22                                                     bank22       000000
__Lbank23                                                     bank23       000000
__Lbank24                                                     bank24       000000
__Lbank25                                                     bank25       000000
__Lbank26                                                     bank26       000000
__Lbank27                                                     bank27       000000
__Lbank28                                                     bank28       000000
__Lbank29                                                     bank29       000000
__Lbank30                                                     bank30       000000
__Lbank31                                                     bank31       000000
__Lbank32                                                     bank32       000000
__Lbank33                                                     bank33       000000
__Lbank34                                                     bank34       000000
__Lbank35                                                     bank35       000000
__Lbank36                                                     bank36       000000
__Lbank5                                                      bank5        000000
__Lbank6                                                      bank6        000000
__Lbank7                                                      bank7        000000
__Lbank8                                                      bank8        000000
__Lbank9                                                      bank9        000000
__Lbigbss                                                     bigbss       000000
__Lbigdata                                                    bigdata      000000
__Lbigram                                                     bigram       000000
__Lbigsfr                                                     bigsfr       000000
__Lbss                                                        bss          000000
__LbssCOMRAM                                                  bssCOMRAM    000000
__Lcinit                                                      cinit        000000
__Lclrtext                                                    clrtext      000000
__Lcomram                                                     comram       000000
__Lconfig                                                     config       000000
__Lconst                                                      const        000000
__LcstackCOMRAM                                               cstackCOMRAM 000000
__Ldata                                                       data         000000
__Leeprom_data                                                eeprom_data  000000
__Lfarbss                                                     farbss       000000
__Lfardata                                                    fardata      000000
__Lheap                                                       heap         000000
__Libigdata                                                   ibigdata     000000
__Lidata                                                      idata        000000
__Lidloc                                                      idloc        000000
__Lifardata                                                   ifardata     000000
__Linit                                                       init         00001A
__Lintsave_regs                                               intsave_regs 000000
__Lirdata                                                     irdata       000000
__Livt0x8                                                     ivt0x8       000008
__Lmediumconst                                                mediumconst  000000
__LnvBANK5                                                    nvBANK5      000000
__LnvCOMRAM                                                   nvCOMRAM     000000
__LnvFARRAM                                                   nvFARRAM     000000
__Lnvbit                                                      nvbit        000000
__Lnvrram                                                     nvrram       000000
__Lparam                                                      rparam       000000
__Lpowerup                                                    powerup      000000
__Lram                                                        ram          000000
__Lramtop                                                     ramtop       002600
__Lrbit                                                       rbit         000000
__Lrbss                                                       rbss         000000
__Lrdata                                                      rdata        000000
__Lreset_vec                                                  reset_vec    000000
__Lrparam                                                     rparam       000000
__Lsfr                                                        sfr          000000
__Lsmallconst                                                 smallconst   002600
__Lspace_0                                                    (abs)        000000
__Lspace_1                                                    (abs)        000000
__Lspace_2                                                    (abs)        000000
__Lspace_4                                                    (abs)        000000
__Lstack                                                      stack        000000
__Lstruct                                                     struct       000000
__Ltemp                                                       temp         000000
__Ltext                                                       text         000000
__Ltext0                                                      text0        000000
__Ltext1                                                      text1        000000
__Ltext10                                                     text10       000000
__Ltext11                                                     text11       000000
__Ltext12                                                     text12       000000
__Ltext13                                                     text13       000000
__Ltext14                                                     text14       000000
__Ltext15                                                     text15       000000
__Ltext16                                                     text16       000000
__Ltext17                                                     text17       000000
__Ltext18                                                     text18       000000
__Ltext19                                                     text19       000000
__Ltext2                                                      text2        000000
__Ltext20                                                     text20       000000
__Ltext21                                                     text21       000000
__Ltext22                                                     text22       000000
__Ltext23                                                     text23       000000
__Ltext24                                                     text24       000000
__Ltext25                                                     text25       000000
__Ltext26                                                     text26       000000
__Ltext27                                                     text27       000000
__Ltext28                                                     text28       000000
__Ltext29                                                     text29       000000
__Ltext3                                                      text3        000000
__Ltext30                                                     text30       000000
__Ltext31                                                     text31       000000
__Ltext32                                                     text32       000000
__Ltext33                                                     text33       000000
__Ltext34                                                     text34       000000
__Ltext35                                                     text35       000000
__Ltext36                                                     text36       000000
__Ltext37                                                     text37       000000
__Ltext38                                                     text38       000000
__Ltext39                                                     text39       000000
__Ltext4                                                      text4        000000
__Ltext40                                                     text40       000000
__Ltext41                                                     text41       000000
__Ltext42                                                     text42       000000
__Ltext43                                                     text43       000000
__Ltext44                                                     text44       000000
__Ltext45                                                     text45       000000
__Ltext46                                                     text46       000000
__Ltext47                                                     text47       000000
__Ltext48                                                     text48       000000
__Ltext5                                                      text5        000000
__Ltext6                                                      text6        000000
__Ltext7                                                      text7        000000
__Ltext8                                                      text8        000000
__Ltext9                                                      text9        000000
__S0                                                          (abs)        002D92
__S1                                                          (abs)        00056C
__S4                                                          (abs)        000000
__S5                                                          (abs)        000000
___heap_hi                                                    (abs)        000000
___heap_lo                                                    (abs)        000000
___inthi_sp                                                   stack        000000
___intlo_sp                                                   stack        000000
___param_bank                                                 (abs)        000000
___rparam_used                                                (abs)        000001
___sp                                                         stack        000000
__accesstop                                                   (abs)        000560
__activetblptr                                                (abs)        000003
__end_of_ADCC_Initialize                                      text33       002A62
__end_of_DAC1_Initialize                                      text37       002D58
__end_of_DAC1_SetOutput                                       text35       002D6A
__end_of_EXT_INT_Initialize                                   text29       002AA6
__end_of_I2C1_Initialize                                      text28       002BE6
__end_of_INT0_CallBack                                        text46       002B74
__end_of_INT0_DefaultInterruptHandler                         text47       002D92
__end_of_INT0_ISR                                             text45       002D82
__end_of_INT0_SetInterruptHandler                             text32       002D4C
__end_of_INT1_CallBack                                        text43       002B44
__end_of_INT1_DefaultInterruptHandler                         text44       002D90
__end_of_INT1_ISR                                             text42       002D7A
__end_of_INT1_SetInterruptHandler                             text31       002D3E
__end_of_INT2_CallBack                                        text40       002B14
__end_of_INT2_DefaultInterruptHandler                         text41       002D8E
__end_of_INT2_ISR                                             text39       002D72
__end_of_INT2_SetInterruptHandler                             text30       002D30
__end_of_INTERRUPT_Initialize                                 text27       002D8C
__end_of_INTERRUPT_InterruptManager                           text38       0027BC
__end_of_OSCILLATOR_Initialize                                text26       002C22
__end_of_PIN_MANAGER_Initialize                               text25       00273E
__end_of_PMD_Initialize                                       text24       002BC4
__end_of_PWM1_16BIT_Initialize                                text20       00292A
__end_of_PWM1_16BIT_Period_SetInterruptHandler                text23       002D22
__end_of_PWM1_16BIT_Slice1Output1_SetInterruptHandler         text22       002D14
__end_of_PWM1_16BIT_Slice1Output2_SetInterruptHandler         text21       002D06
__end_of_PWM2_16BIT_Initialize                                text16       0028B0
__end_of_PWM2_16BIT_Period_SetInterruptHandler                text19       002CF8
__end_of_PWM2_16BIT_Slice1Output1_SetInterruptHandler         text18       002CEA
__end_of_PWM2_16BIT_Slice1Output2_SetInterruptHandler         text17       002CDC
__end_of_PWM3_16BIT_Initialize                                text12       002836
__end_of_PWM3_16BIT_Period_SetInterruptHandler                text15       002CCE
__end_of_PWM3_16BIT_Slice1Output1_SetInterruptHandler         text14       002CC0
__end_of_PWM3_16BIT_Slice1Output2_SetInterruptHandler         text13       002CB2
__end_of_SOM_DAC_Initialize                                   text36       002D88
__end_of_SOM_DAC_SetOutput                                    text34       002D62
__end_of_SPI1_Initialize                                      text11       002C3C
__end_of_SYSTEM_Initialize                                    text1        002AE4
__end_of_TMR0_Initialize                                      text10       002C50
__end_of_UART1_Initialize                                     text6        00299E
__end_of_UART1_SetErrorHandler                                text9        002CA4
__end_of_UART1_SetFramingErrorHandler                         text8        002C96
__end_of_UART1_SetOverrunErrorHandler                         text7        002C88
__end_of_UART2_Initialize                                     text2        002A06
__end_of_UART2_SetErrorHandler                                text5        002C7A
__end_of_UART2_SetFramingErrorHandler                         text4        002C6C
__end_of_UART2_SetOverrunErrorHandler                         text3        002C5E
__end_of__initialization                                      cinit        002C00
__end_of_i2c1_fsmStateTable                                   smallconst   00263A
__end_of_main                                                 text0        002BA0
__end_of_spi1_configuration                                   smallconst   00263F
__initialization                                              cinit        002BE6
__mediumconst                                                 mediumconst  000000
__pbssCOMRAM                                                  bssCOMRAM    000501
__pcinit                                                      cinit        002BE6
__pcstackCOMRAM                                               cstackCOMRAM 000557
__pivt0x8                                                     ivt0x8       000008
__pnvBANK5                                                    nvBANK5      000560
__pnvCOMRAM                                                   nvCOMRAM     00052D
__psmallconst                                                 smallconst   002600
__ptext0                                                      text0        002B74
__ptext1                                                      text1        002AA6
__ptext10                                                     text10       002C3C
__ptext11                                                     text11       002C22
__ptext12                                                     text12       0027BC
__ptext13                                                     text13       002CA4
__ptext14                                                     text14       002CB2
__ptext15                                                     text15       002CC0
__ptext16                                                     text16       002836
__ptext17                                                     text17       002CCE
__ptext18                                                     text18       002CDC
__ptext19                                                     text19       002CEA
__ptext2                                                      text2        00299E
__ptext20                                                     text20       0028B0
__ptext21                                                     text21       002CF8
__ptext22                                                     text22       002D06
__ptext23                                                     text23       002D14
__ptext24                                                     text24       002BA0
__ptext25                                                     text25       002640
__ptext26                                                     text26       002C06
__ptext27                                                     text27       002D88
__ptext28                                                     text28       002BC4
__ptext29                                                     text29       002A62
__ptext3                                                      text3        002C50
__ptext30                                                     text30       002D22
__ptext31                                                     text31       002D30
__ptext32                                                     text32       002D3E
__ptext33                                                     text33       002A06
__ptext34                                                     text34       002D58
__ptext35                                                     text35       002D62
__ptext36                                                     text36       002D82
__ptext37                                                     text37       002D4C
__ptext38                                                     text38       00273E
__ptext39                                                     text39       002D6A
__ptext4                                                      text4        002C5E
__ptext40                                                     text40       002AE4
__ptext41                                                     text41       002D8C
__ptext42                                                     text42       002D72
__ptext43                                                     text43       002B14
__ptext44                                                     text44       002D8E
__ptext45                                                     text45       002D7A
__ptext46                                                     text46       002B44
__ptext47                                                     text47       002D90
__ptext48                                                     text48       000000
__ptext5                                                      text5        002C6C
__ptext6                                                      text6        00292A
__ptext7                                                      text7        002C7A
__ptext8                                                      text8        002C88
__ptext9                                                      text9        002C96
__ramtop                                                      ramtop       002600
__smallconst                                                  smallconst   002600
_i2c1_fsmStateTable                                           smallconst   002601
_main                                                         text0        002B74
_rd1RegCompleteHandler                                        (abs)        000000
_rd2RegCompleteHandler                                        (abs)        000000
_rdBlkRegCompleteHandler                                      (abs)        000000
_spi1_configuration                                           smallconst   00263A
_uart1RxLastError                                             bssCOMRAM    00052C
_uart2RxLastError                                             bssCOMRAM    00052B
_wr1RegCompleteHandler                                        (abs)        000000
_wr2RegCompleteHandler                                        (abs)        000000
end_of_initialization                                         cinit        002C00
intlevel0                                                     text         000000
intlevel1                                                     text         000000
intlevel2                                                     text         000000
intlevel3                                                     text         000000
isa$std                                                       (abs)        000001
isa$xinst                                                     (abs)        000000
ivt0x8_base                                                   ivt0x8       000008
main@c                                                        cstackCOMRAM 00055D
stackhi                                                       (abs)        000000
stacklo                                                       (abs)        000000
start                                                         init         00001A
start_initialization                                          cinit        002BE6


MODULE INFORMATION

Module		Function		Class		Link	Load	Size
mcc_generated_files/uart2.c
		_UART2_SetFramingErrorHandler		CODE           	2C5E	0000	14
		_UART2_SetOverrunErrorHandler		CODE           	2C50	0000	14
		_UART2_Initialize		CODE           	299E	0000	104
		_UART2_SetErrorHandler		CODE           	2C6C	0000	14

mcc_generated_files/uart2.c estimated size: 146

mcc_generated_files/pwm2_16bit.c
		_PWM2_16BIT_Period_SetInterruptHandler		CODE           	2CEA	0000	14
		_PWM2_16BIT_Slice1Output1_SetInterruptHandler		CODE           	2CDC	0000	14
		_PWM2_16BIT_Slice1Output2_SetInterruptHandler		CODE           	2CCE	0000	14
		_PWM2_16BIT_Initialize		CODE           	2836	0000	122

mcc_generated_files/pwm2_16bit.c estimated size: 164

mcc_generated_files/i2c1_master.c
		_I2C1_Initialize		CODE           	2BC4	0000	34

mcc_generated_files/i2c1_master.c estimated size: 34

mcc_generated_files/interrupt_manager.c
		_INTERRUPT_Initialize		CODE           	2D88	0000	4
		_INTERRUPT_InterruptManager		CODE           	273E	0000	126

mcc_generated_files/interrupt_manager.c estimated size: 130

mcc_generated_files/tmr0.c
		_TMR0_Initialize		CODE           	2C3C	0000	20

mcc_generated_files/tmr0.c estimated size: 20

mcc_generated_files/SOM_DAC.c
		_SOM_DAC_SetOutput		CODE           	2D58	0000	10
		_SOM_DAC_Initialize		CODE           	2D82	0000	6

mcc_generated_files/SOM_DAC.c estimated size: 16

mcc_generated_files/pin_manager.c
		_PIN_MANAGER_Initialize		CODE           	2640	0000	254

mcc_generated_files/pin_manager.c estimated size: 254

mcc_generated_files/spi1.c
		_SPI1_Initialize		CODE           	2C22	0000	26

mcc_generated_files/spi1.c estimated size: 26

mcc_generated_files/uart1.c
		_UART1_SetFramingErrorHandler		CODE           	2C88	0000	14
		_UART1_SetOverrunErrorHandler		CODE           	2C7A	0000	14
		_UART1_Initialize		CODE           	292A	0000	116
		_UART1_SetErrorHandler		CODE           	2C96	0000	14

mcc_generated_files/uart1.c estimated size: 158

mcc_generated_files/ext_int.c
		_INT0_SetInterruptHandler		CODE           	2D3E	0000	14
		_INT1_SetInterruptHandler		CODE           	2D30	0000	14
		_EXT_INT_Initialize		CODE           	2A62	0000	68
		_INT2_SetInterruptHandler		CODE           	2D22	0000	14
		_INT0_DefaultInterruptHandler		CODE           	2D90	0000	2
		_INT0_CallBack 		CODE           	2B44	0000	48
		_INT1_DefaultInterruptHandler		CODE           	2D8E	0000	2
		_INT1_CallBack 		CODE           	2B14	0000	48
		_INT2_DefaultInterruptHandler		CODE           	2D8C	0000	2
		_INT2_CallBack 		CODE           	2AE4	0000	48
		_INT0_ISR      		CODE           	2D7A	0000	8
		_INT1_ISR      		CODE           	2D72	0000	8
		_INT2_ISR      		CODE           	2D6A	0000	8

mcc_generated_files/ext_int.c estimated size: 284

mcc_generated_files/pwm1_16bit.c
		_PWM1_16BIT_Period_SetInterruptHandler		CODE           	2D14	0000	14
		_PWM1_16BIT_Slice1Output1_SetInterruptHandler		CODE           	2D06	0000	14
		_PWM1_16BIT_Slice1Output2_SetInterruptHandler		CODE           	2CF8	0000	14
		_PWM1_16BIT_Initialize		CODE           	28B0	0000	122

mcc_generated_files/pwm1_16bit.c estimated size: 164

shared
		__initialization		CODE           	2BE6	0000	26
		_i2c1_fsmStateTable		SMALLCONST     	2601	0000	57
		_spi1_configuration		SMALLCONST     	263A	0000	5

shared estimated size: 88

mcc_generated_files/mcc.c
		_PMD_Initialize		CODE           	2BA0	0000	36
		_OSCILLATOR_Initialize		CODE           	2C06	0000	28
		_SYSTEM_Initialize		CODE           	2AA6	0000	62

mcc_generated_files/mcc.c estimated size: 126

mcc_generated_files/pwm3_16bit.c
		_PWM3_16BIT_Period_SetInterruptHandler		CODE           	2CC0	0000	14
		_PWM3_16BIT_Slice1Output1_SetInterruptHandler		CODE           	2CB2	0000	14
		_PWM3_16BIT_Slice1Output2_SetInterruptHandler		CODE           	2CA4	0000	14
		_PWM3_16BIT_Initialize		CODE           	27BC	0000	122

mcc_generated_files/pwm3_16bit.c estimated size: 164

mcc_generated_files/dac1.c
		_DAC1_SetOutput		CODE           	2D62	0000	8
		_DAC1_Initialize		CODE           	2D4C	0000	12

mcc_generated_files/dac1.c estimated size: 20

mcc_generated_files/adcc.c
		_ADCC_Initialize		CODE           	2A06	0000	92

mcc_generated_files/adcc.c estimated size: 92

main.c
		_main          		CODE           	2B74	0000	44

main.c estimated size: 44

