Microchip MPLAB XC8 Compiler V2.40

Linker command line:

-W-3 \
  --edf=C:\Program Files\Microchip\xc8\v2.40\pic\dat\20220703182018_en.msgs \
  -cn -h+dist/default/production\UART_RECEIVE.X.production.sym \
  --cmf=dist/default/production\UART_RECEIVE.X.production.cmf -z -Q18F57Q43 \
  -oC:\Users\surendra\AppData\Local\Temp\xcAs4c8.4 --defsym=__MPLAB_BUILD=1 \
  --fixupoverflow=error \
  -Mdist/default/production/UART_RECEIVE.X.production.map \
  --md=C:\Users\surendra\AppData\Local\Temp\xcAs4c8.dat -E1 \
  -ver=XC8 Compiler --acfsm=1493 -ACODE=00h-01FFFFh -ACONST=00h-01FFFFh \
  -ASMALLCONST=02600h-026FFhx474 \
  -AMEDIUMCONST=02600h-0FFFFh,012600h-01FFFFh -ACOMRAM=0501h-055Fh \
  -AABS1=0500h-024FFh -ABIGRAM=0501h-024FFh \
  -ARAM=0560h-05FFh,0600h-06FFhx31 -ABANK5=0560h-05FFh -ABANK6=0600h-06FFh \
  -ABANK7=0700h-07FFh -ABANK8=0800h-08FFh -ABANK9=0900h-09FFh \
  -ABANK10=0A00h-0AFFh -ABANK11=0B00h-0BFFh -ABANK12=0C00h-0CFFh \
  -ABANK13=0D00h-0DFFh -ABANK14=0E00h-0EFFh -ABANK15=0F00h-0FFFh \
  -ABANK16=01000h-010FFh -ABANK17=01100h-011FFh -ABANK18=01200h-012FFh \
  -ABANK19=01300h-013FFh -ABANK20=01400h-014FFh -ABANK21=01500h-015FFh \
  -ABANK22=01600h-016FFh -ABANK23=01700h-017FFh -ABANK24=01800h-018FFh \
  -ABANK25=01900h-019FFh -ABANK26=01A00h-01AFFh -ABANK27=01B00h-01BFFh \
  -ABANK28=01C00h-01CFFh -ABANK29=01D00h-01DFFh -ABANK30=01E00h-01EFFh \
  -ABANK31=01F00h-01FFFh -ABANK32=02000h-020FFh -ABANK33=02100h-021FFh \
  -ABANK34=02200h-022FFh -ABANK35=02300h-023FFh -ABANK36=02400h-024FFh \
  -ASFR=00h-0FFhx4,0400h-045Fh,0460h-04FFh,02500h-025FFh \
  -ABIGSFR=00h-04FFh,02500h-025FFh -ACONFIG=0300000h-0300011h \
  -AIDLOC=0200000h-020003Fh -AEEDATA=0380000h-03803FFh -peeprom_data=EEDATA \
  -preset_vec=00h -ppowerup=CODE,init -pramtop=02600h \
  -psmallconst=SMALLCONST -pmediumconst=MEDIUMCONST -pconst=CONST \
  -AFARRAM=00h-00h \
  -prdata=COMRAM,nvrram=COMRAM,nvbit=COMRAM,rbss=COMRAM,rbit=COMRAM \
  -pfarbss=FARRAM,fardata=FARRAM,nvFARRAM=FARRAM \
  -pintsave_regs=BIGRAM,bigbss=BIGRAM,bigdata=BIGRAM -pbss=RAM \
  -pidata=CODE,irdata=CODE,ibigdata=CODE,ifardata=CODE -prparam=COMRAM \
  C:\Users\surendra\AppData\Local\Temp\xcAs4c8.o \
  dist/default/production\UART_RECEIVE.X.production.o 

Object code version is 3.11

Machine type is 18F57Q43



                Name                               Link     Load   Length Selector   Space Scale
C:\Users\surendra\AppData\Local\Temp\xcAs4c8.o
                idloc                            200000   200000       40        0       5
                config                           300000   300000        A        0       4
                init                              1FFFC    1FFFC        4     FFFE       0
                reset_vec                             0        0        4        0       0
dist/default/production\UART_RECEIVE.X.production.o
                idloc                            200000   200000       40        0       5
                config                           300000   300000        A        0       4
                smallconst                         2600     2600        E     1300       0
                text24                             3100     3100       1C     1307       0
                text23                             2CD4     2CD4       A8     1307       0
                text22                             30DC     30DC       24     1307       0
                text21                             3172     3172        E     1307       0
                text20                             3164     3164        E     1307       0
                text19                             3156     3156        E     1307       0
                text18                             2F2E     2F2E       76     1307       0
                text17                             3144     3144       12     1307       0
                text16                             318E     318E        2     1307       0
                text15                             318C     318C        2     1307       0
                text14                             318A     318A        2     1307       0
                text13                             2D7C     2D7C       A2     1307       0
                text12                             288A     288A      188     1307       0
                text11                             2A12     2A12      164     1307       0
                text10                             303A     303A       40     1307       0
                text9                              311C     311C       16     1307       0
                text8                              3180     3180        A     1307       0
                text7                              2E1E     2E1E       96     1307       0
                text6                              2FF6     2FF6       44     1307       0
                text5                              2EB4     2EB4       7A     1307       0
                text4                              260E     260E      27C     1307       0
                text3                              2B76     2B76      15E     1307       0
                text2                              2FA4     2FA4       52     1307       0
                text1                              30B4     30B4       28     1307       0
                text0                              307A     307A       3A     1307       0
                cstackCOMRAM                        501      501       5F      501       1
                cstackBANK5                         58F      58F        3      560       1
                bssBANK5                            560      560       26      560       1
                cinit                              3132     3132       12     1307       0
                nvBANK5                             586      586        9      560       1

TOTAL           Name                               Link     Load   Length     Space
        CLASS   CODE           
                init                              1FFFC    1FFFC        4         0
                reset_vec                             0        0        4         0
                text24                             3100     3100       1C         0
                text23                             2CD4     2CD4       A8         0
                text22                             30DC     30DC       24         0
                text21                             3172     3172        E         0
                text20                             3164     3164        E         0
                text19                             3156     3156        E         0
                text18                             2F2E     2F2E       76         0
                text17                             3144     3144       12         0
                text16                             318E     318E        2         0
                text15                             318C     318C        2         0
                text14                             318A     318A        2         0
                text13                             2D7C     2D7C       A2         0
                text12                             288A     288A      188         0
                text11                             2A12     2A12      164         0
                text10                             303A     303A       40         0
                text9                              311C     311C       16         0
                text8                              3180     3180        A         0
                text7                              2E1E     2E1E       96         0
                text6                              2FF6     2FF6       44         0
                text5                              2EB4     2EB4       7A         0
                text4                              260E     260E      27C         0
                text3                              2B76     2B76      15E         0
                text2                              2FA4     2FA4       52         0
                text1                              30B4     30B4       28         0
                text0                              307A     307A       3A         0
                cinit                              3132     3132       12         0

        CLASS   CONST          

        CLASS   SMALLCONST     
                smallconst                         2600     2600        E         0

        CLASS   MEDIUMCONST    

        CLASS   COMRAM         
                cstackCOMRAM                        501      501       5F         1

        CLASS   ABS1           

        CLASS   BIGRAM         

        CLASS   RAM            

        CLASS   BANK5          
                cstackBANK5                         58F      58F        3         1
                bssBANK5                            560      560       26         1
                nvBANK5                             586      586        9         1

        CLASS   BANK6          

        CLASS   BANK7          

        CLASS   BANK8          

        CLASS   BANK9          

        CLASS   BANK10         

        CLASS   BANK11         

        CLASS   BANK12         

        CLASS   BANK13         

        CLASS   BANK14         

        CLASS   BANK15         

        CLASS   BANK16         

        CLASS   BANK17         

        CLASS   BANK18         

        CLASS   BANK19         

        CLASS   BANK20         

        CLASS   BANK21         

        CLASS   BANK22         

        CLASS   BANK23         

        CLASS   BANK24         

        CLASS   BANK25         

        CLASS   BANK26         

        CLASS   BANK27         

        CLASS   BANK28         

        CLASS   BANK29         

        CLASS   BANK30         

        CLASS   BANK31         

        CLASS   BANK32         

        CLASS   BANK33         

        CLASS   BANK34         

        CLASS   BANK35         

        CLASS   BANK36         

        CLASS   SFR            

        CLASS   BIGSFR         

        CLASS   CONFIG         
                config                           300000   300000        A         4

        CLASS   IDLOC          
                idloc                            200000   200000       40         5

        CLASS   EEDATA         

        CLASS   FARRAM         

        CLASS   HEAP           

        CLASS   STACK          



SEGMENTS        Name                           Load    Length   Top    Selector   Space  Class

                reset_vec                      000000  000004  000004         0       0  CODE    
                cstackCOMRAM                   000501  00005F  000560       501       1  COMRAM  
                bssBANK5                       000560  000032  000592       560       1  BANK5   
                smallconst                     002600  00000E  00260E      1300       0  SMALLCON
                text4                          00260E  000B82  003190      1307       0  CODE    
                init                           01FFFC  000004  020000      FFFE       0  CODE    


UNUSED ADDRESS RANGES

        Name                Unused          Largest block    Delta
        BANK10           000A00-000AFF              100
        BANK11           000B00-000BFF              100
        BANK12           000C00-000CFF              100
        BANK13           000D00-000DFF              100
        BANK14           000E00-000EFF              100
        BANK15           000F00-000FFF              100
        BANK16           001000-0010FF              100
        BANK17           001100-0011FF              100
        BANK18           001200-0012FF              100
        BANK19           001300-0013FF              100
        BANK20           001400-0014FF              100
        BANK21           001500-0015FF              100
        BANK22           001600-0016FF              100
        BANK23           001700-0017FF              100
        BANK24           001800-0018FF              100
        BANK25           001900-0019FF              100
        BANK26           001A00-001AFF              100
        BANK27           001B00-001BFF              100
        BANK28           001C00-001CFF              100
        BANK29           001D00-001DFF              100
        BANK30           001E00-001EFF              100
        BANK31           001F00-001FFF              100
        BANK32           002000-0020FF              100
        BANK33           002100-0021FF              100
        BANK34           002200-0022FF              100
        BANK35           002300-0023FF              100
        BANK36           002400-0024FF              100
        BANK5            000592-0005FF               6E
        BANK6            000600-0006FF              100
        BANK7            000700-0007FF              100
        BANK8            000800-0008FF              100
        BANK9            000900-0009FF              100
        BIGRAM           000592-0024FF             1F6E
        BIGSFR           000000-0004FF              500
                         002500-0025FF              100
        CODE             000004-0025FF             25FC
                         003190-01FFFB            1CE6C
        CONFIG           30000A-300011                8
        CONST            000004-0025FF             25FC
                         003190-01FFFB            1CE6C
        EEDATA           380000-3803FF              400
        MEDIUMCONST      003190-00FFFF             CE70
                         012600-01FFFB             D9FC
        RAM              000592-0024FF              100
        SFR              000000-0004FF              100
                         002500-0025FF              100
        SMALLCONST       003190-01FFFB              100

                                  Symbol Table

?___aodiv                                     cstackCOMRAM 000501
?___aomod                                     cstackCOMRAM 000501
?_abs                                         cstackCOMRAM 000513
?_printf                                      cstackCOMRAM 00055B
?_vfprintf                                    cstackCOMRAM 000553
UART1_SetErrorHandler@interruptHandler        cstackCOMRAM 000501
UART1_SetFramingErrorHandler@interruptHandler cstackCOMRAM 000501
UART1_SetOverrunErrorHandler@interruptHandler cstackCOMRAM 000501
UART1_Write@txData                            cstackCOMRAM 000501
_ACTCON                                       (abs)        0000AC
_ANSELA                                       (abs)        000400
_ANSELB                                       (abs)        000408
_ANSELC                                       (abs)        000410
_ANSELD                                       (abs)        000418
_ANSELE                                       (abs)        000420
_ANSELF                                       (abs)        000428
_INLVLA                                       (abs)        000404
_INLVLB                                       (abs)        00040C
_INLVLC                                       (abs)        000414
_INLVLD                                       (abs)        00041C
_INLVLE                                       (abs)        000424
_INLVLF                                       (abs)        00042C
_LATA                                         (abs)        0004BE
_LATB                                         (abs)        0004BF
_LATC                                         (abs)        0004C0
_LATD                                         (abs)        0004C1
_LATE                                         (abs)        0004C2
_LATF                                         (abs)        0004C3
_ODCONA                                       (abs)        000402
_ODCONB                                       (abs)        00040A
_ODCONC                                       (abs)        000412
_ODCOND                                       (abs)        00041A
_ODCONE                                       (abs)        000422
_ODCONF                                       (abs)        00042A
_OSCCON1                                      (abs)        0000AD
_OSCCON3                                      (abs)        0000AF
_OSCEN                                        (abs)        0000B3
_OSCFRQ                                       (abs)        0000B1
_OSCILLATOR_Initialize                        text24       003100
_OSCTUNE                                      (abs)        0000B0
_PIN_MANAGER_Initialize                       text23       002CD4
_PIR4bits                                     (abs)        0004B2
_PMD0                                         (abs)        000060
_PMD1                                         (abs)        000061
_PMD3                                         (abs)        000063
_PMD4                                         (abs)        000064
_PMD5                                         (abs)        000065
_PMD6                                         (abs)        000066
_PMD7                                         (abs)        000067
_PMD8                                         (abs)        000068
_PMD_Initialize                               text22       0030DC
_RB1I2C                                       (abs)        000289
_RB2I2C                                       (abs)        000288
_RC3I2C                                       (abs)        000287
_RC4I2C                                       (abs)        000286
_RF0PPS                                       (abs)        000229
_SLRCONA                                      (abs)        000403
_SLRCONB                                      (abs)        00040B
_SLRCONC                                      (abs)        000413
_SLRCOND                                      (abs)        00041B
_SLRCONE                                      (abs)        000423
_SLRCONF                                      (abs)        00042B
_SYSTEM_Initialize                            text17       003144
_TRISA                                        (abs)        0004C6
_TRISB                                        (abs)        0004C7
_TRISC                                        (abs)        0004C8
_TRISD                                        (abs)        0004C9
_TRISE                                        (abs)        0004CA
_TRISF                                        (abs)        0004CB
_U1BRGH                                       (abs)        0002AF
_U1BRGL                                       (abs)        0002AE
_U1CON0                                       (abs)        0002AB
_U1CON0bits                                   (abs)        0002AB
_U1CON1                                       (abs)        0002AC
_U1CON2                                       (abs)        0002AD
_U1ERRIE                                      (abs)        0002B3
_U1ERRIR                                      (abs)        0002B2
_U1ERRIRbits                                  (abs)        0002B2
_U1FIFO                                       (abs)        0002B0
_U1P1H                                        (abs)        0002A6
_U1P1L                                        (abs)        0002A5
_U1P2H                                        (abs)        0002A8
_U1P2L                                        (abs)        0002A7
_U1P3H                                        (abs)        0002AA
_U1P3L                                        (abs)        0002A9
_U1RXB                                        (abs)        0002A1
_U1RXPPS                                      (abs)        000272
_U1TXB                                        (abs)        0002A3
_U1UIR                                        (abs)        0002B1
_UART1_DefaultErrorHandler                    text16       00318E
_UART1_DefaultFramingErrorHandler             text15       00318C
_UART1_DefaultOverrunErrorHandler             text14       00318A
_UART1_ErrorHandler                           nvBANK5      000586
_UART1_FramingErrorHandler                    nvBANK5      00058C
_UART1_Initialize                             text18       002F2E
_UART1_OverrunErrorHandler                    nvBANK5      000589
_UART1_Read                                   text13       002D7C
_UART1_SetErrorHandler                        text21       003172
_UART1_SetFramingErrorHandler                 text20       003164
_UART1_SetOverrunErrorHandler                 text19       003156
_UART1_Write                                  text9        00311C
_WPUA                                         (abs)        000401
_WPUB                                         (abs)        000409
_WPUC                                         (abs)        000411
_WPUD                                         (abs)        000419
_WPUE                                         (abs)        000421
_WPUF                                         (abs)        000429
__HRAM                                        (abs)        000000
__Habs1                                       abs1         000000
__Hbank10                                     bank10       000000
__Hbank11                                     bank11       000000
__Hbank12                                     bank12       000000
__Hbank13                                     bank13       000000
__Hbank14                                     bank14       000000
__Hbank15                                     bank15       000000
__Hbank16                                     bank16       000000
__Hbank17                                     bank17       000000
__Hbank18                                     bank18       000000
__Hbank19                                     bank19       000000
__Hbank20                                     bank20       000000
__Hbank21                                     bank21       000000
__Hbank22                                     bank22       000000
__Hbank23                                     bank23       000000
__Hbank24                                     bank24       000000
__Hbank25                                     bank25       000000
__Hbank26                                     bank26       000000
__Hbank27                                     bank27       000000
__Hbank28                                     bank28       000000
__Hbank29                                     bank29       000000
__Hbank30                                     bank30       000000
__Hbank31                                     bank31       000000
__Hbank32                                     bank32       000000
__Hbank33                                     bank33       000000
__Hbank34                                     bank34       000000
__Hbank35                                     bank35       000000
__Hbank36                                     bank36       000000
__Hbank5                                      bank5        000000
__Hbank6                                      bank6        000000
__Hbank7                                      bank7        000000
__Hbank8                                      bank8        000000
__Hbank9                                      bank9        000000
__Hbigbss                                     bigbss       000000
__Hbigdata                                    bigdata      000000
__Hbigram                                     bigram       000000
__Hbigsfr                                     bigsfr       000000
__Hbss                                        bss          000000
__HbssBANK5                                   bssBANK5     000000
__Hcinit                                      cinit        000000
__Hclrtext                                    clrtext      000000
__Hcomram                                     comram       000000
__Hconfig                                     config       30000A
__Hconst                                      const        000000
__HcstackBANK5                                cstackBANK5  000000
__HcstackCOMRAM                               cstackCOMRAM 000000
__Hdata                                       data         000000
__Heeprom_data                                eeprom_data  000000
__Hfarbss                                     farbss       000000
__Hfardata                                    fardata      000000
__Hheap                                       heap         000000
__Hibigdata                                   ibigdata     000000
__Hidata                                      idata        000000
__Hidloc                                      idloc        200040
__Hifardata                                   ifardata     000000
__Hinit                                       init         020000
__Hintsave_regs                               intsave_regs 000000
__Hirdata                                     irdata       000000
__Hmediumconst                                mediumconst  000000
__HnvBANK5                                    nvBANK5      000000
__HnvFARRAM                                   nvFARRAM     000000
__Hnvbit                                      nvbit        000000
__Hnvrram                                     nvrram       000000
__Hparam                                      rparam       000000
__Hpowerup                                    powerup      000000
__Hram                                        ram          000000
__Hramtop                                     ramtop       002600
__Hrbit                                       rbit         000000
__Hrbss                                       rbss         000000
__Hrdata                                      rdata        000000
__Hreset_vec                                  reset_vec    000004
__Hrparam                                     rparam       000000
__Hsfr                                        sfr          000000
__Hsmallconst                                 smallconst   00260E
__Hspace_0                                    (abs)        020000
__Hspace_1                                    (abs)        000592
__Hspace_2                                    (abs)        000000
__Hspace_4                                    (abs)        60000A
__Hstack                                      stack        000000
__Hstruct                                     struct       000000
__Htemp                                       temp         000000
__Htext                                       text         000000
__Htext0                                      text0        000000
__Htext1                                      text1        000000
__Htext10                                     text10       000000
__Htext11                                     text11       000000
__Htext12                                     text12       000000
__Htext13                                     text13       000000
__Htext14                                     text14       000000
__Htext15                                     text15       000000
__Htext16                                     text16       000000
__Htext17                                     text17       000000
__Htext18                                     text18       000000
__Htext19                                     text19       000000
__Htext2                                      text2        000000
__Htext20                                     text20       000000
__Htext21                                     text21       000000
__Htext22                                     text22       000000
__Htext23                                     text23       000000
__Htext24                                     text24       000000
__Htext25                                     text25       000000
__Htext3                                      text3        000000
__Htext4                                      text4        000000
__Htext5                                      text5        000000
__Htext6                                      text6        000000
__Htext7                                      text7        000000
__Htext8                                      text8        000000
__Htext9                                      text9        000000
__LRAM                                        (abs)        000001
__Labs1                                       abs1         000000
__Lbank10                                     bank10       000000
__Lbank11                                     bank11       000000
__Lbank12                                     bank12       000000
__Lbank13                                     bank13       000000
__Lbank14                                     bank14       000000
__Lbank15                                     bank15       000000
__Lbank16                                     bank16       000000
__Lbank17                                     bank17       000000
__Lbank18                                     bank18       000000
__Lbank19                                     bank19       000000
__Lbank20                                     bank20       000000
__Lbank21                                     bank21       000000
__Lbank22                                     bank22       000000
__Lbank23                                     bank23       000000
__Lbank24                                     bank24       000000
__Lbank25                                     bank25       000000
__Lbank26                                     bank26       000000
__Lbank27                                     bank27       000000
__Lbank28                                     bank28       000000
__Lbank29                                     bank29       000000
__Lbank30                                     bank30       000000
__Lbank31                                     bank31       000000
__Lbank32                                     bank32       000000
__Lbank33                                     bank33       000000
__Lbank34                                     bank34       000000
__Lbank35                                     bank35       000000
__Lbank36                                     bank36       000000
__Lbank5                                      bank5        000000
__Lbank6                                      bank6        000000
__Lbank7                                      bank7        000000
__Lbank8                                      bank8        000000
__Lbank9                                      bank9        000000
__Lbigbss                                     bigbss       000000
__Lbigdata                                    bigdata      000000
__Lbigram                                     bigram       000000
__Lbigsfr                                     bigsfr       000000
__Lbss                                        bss          000000
__LbssBANK5                                   bssBANK5     000000
__Lcinit                                      cinit        000000
__Lclrtext                                    clrtext      000000
__Lcomram                                     comram       000000
__Lconfig                                     config       000000
__Lconst                                      const        000000
__LcstackBANK5                                cstackBANK5  000000
__LcstackCOMRAM                               cstackCOMRAM 000000
__Ldata                                       data         000000
__Leeprom_data                                eeprom_data  000000
__Lfarbss                                     farbss       000000
__Lfardata                                    fardata      000000
__Lheap                                       heap         000000
__Libigdata                                   ibigdata     000000
__Lidata                                      idata        000000
__Lidloc                                      idloc        000000
__Lifardata                                   ifardata     000000
__Linit                                       init         01FFFC
__Lintsave_regs                               intsave_regs 000000
__Lirdata                                     irdata       000000
__Lmediumconst                                mediumconst  000000
__LnvBANK5                                    nvBANK5      000000
__LnvFARRAM                                   nvFARRAM     000000
__Lnvbit                                      nvbit        000000
__Lnvrram                                     nvrram       000000
__Lparam                                      rparam       000000
__Lpowerup                                    powerup      000000
__Lram                                        ram          000000
__Lramtop                                     ramtop       002600
__Lrbit                                       rbit         000000
__Lrbss                                       rbss         000000
__Lrdata                                      rdata        000000
__Lreset_vec                                  reset_vec    000000
__Lrparam                                     rparam       000000
__Lsfr                                        sfr          000000
__Lsmallconst                                 smallconst   002600
__Lspace_0                                    (abs)        000000
__Lspace_1                                    (abs)        000000
__Lspace_2                                    (abs)        000000
__Lspace_4                                    (abs)        000000
__Lstack                                      stack        000000
__Lstruct                                     struct       000000
__Ltemp                                       temp         000000
__Ltext                                       text         000000
__Ltext0                                      text0        000000
__Ltext1                                      text1        000000
__Ltext10                                     text10       000000
__Ltext11                                     text11       000000
__Ltext12                                     text12       000000
__Ltext13                                     text13       000000
__Ltext14                                     text14       000000
__Ltext15                                     text15       000000
__Ltext16                                     text16       000000
__Ltext17                                     text17       000000
__Ltext18                                     text18       000000
__Ltext19                                     text19       000000
__Ltext2                                      text2        000000
__Ltext20                                     text20       000000
__Ltext21                                     text21       000000
__Ltext22                                     text22       000000
__Ltext23                                     text23       000000
__Ltext24                                     text24       000000
__Ltext25                                     text25       000000
__Ltext3                                      text3        000000
__Ltext4                                      text4        000000
__Ltext5                                      text5        000000
__Ltext6                                      text6        000000
__Ltext7                                      text7        000000
__Ltext8                                      text8        000000
__Ltext9                                      text9        000000
__S0                                          (abs)        020000
__S1                                          (abs)        000592
__S4                                          (abs)        000000
__S5                                          (abs)        000000
___aodiv                                      text12       00288A
___aodiv@counter                              cstackCOMRAM 000511
___aodiv@dividend                             cstackCOMRAM 000501
___aodiv@divisor                              cstackCOMRAM 000509
___aodiv@quotient                             cstackCOMRAM 000513
___aodiv@sign                                 cstackCOMRAM 000512
___aomod                                      text11       002A12
___aomod@counter                              cstackCOMRAM 000511
___aomod@dividend                             cstackCOMRAM 000501
___aomod@divisor                              cstackCOMRAM 000509
___aomod@sign                                 cstackCOMRAM 000512
___heap_hi                                    (abs)        000000
___heap_lo                                    (abs)        000000
___inthi_sp                                   stack        000000
___intlo_sp                                   stack        000000
___param_bank                                 (abs)        000000
___rparam_used                                (abs)        000001
___sp                                         stack        000000
__accesstop                                   (abs)        000560
__activetblptr                                (abs)        000003
__end_of_OSCILLATOR_Initialize                text24       00311C
__end_of_PIN_MANAGER_Initialize               text23       002D7C
__end_of_PMD_Initialize                       text22       003100
__end_of_SYSTEM_Initialize                    text17       003156
__end_of_UART1_DefaultErrorHandler            text16       003190
__end_of_UART1_DefaultFramingErrorHandler     text15       00318E
__end_of_UART1_DefaultOverrunErrorHandler     text14       00318C
__end_of_UART1_Initialize                     text18       002FA4
__end_of_UART1_Read                           text13       002E1E
__end_of_UART1_SetErrorHandler                text21       003180
__end_of_UART1_SetFramingErrorHandler         text20       003172
__end_of_UART1_SetOverrunErrorHandler         text19       003164
__end_of_UART1_Write                          text9        003132
__end_of___aodiv                              text12       002A12
__end_of___aomod                              text11       002B76
__end_of__initialization                      cinit        00313E
__end_of_abs                                  text10       00307A
__end_of_dtoa                                 text4        00288A
__end_of_fputc                                text7        002EB4
__end_of_fputs                                text6        00303A
__end_of_main                                 text0        0030B4
__end_of_pad                                  text5        002F2E
__end_of_printf                               text1        0030DC
__end_of_putch                                text8        00318A
__end_of_vfpfcnvrt                            text3        002CD4
__end_of_vfprintf                             text2        002FF6
__initialization                              cinit        003132
__mediumconst                                 mediumconst  000000
__pbssBANK5                                   bssBANK5     000560
__pcinit                                      cinit        003132
__pcstackBANK5                                cstackBANK5  00058F
__pcstackCOMRAM                               cstackCOMRAM 000501
__pnvBANK5                                    nvBANK5      000586
__psmallconst                                 smallconst   002600
__ptext0                                      text0        00307A
__ptext1                                      text1        0030B4
__ptext10                                     text10       00303A
__ptext11                                     text11       002A12
__ptext12                                     text12       00288A
__ptext13                                     text13       002D7C
__ptext14                                     text14       00318A
__ptext15                                     text15       00318C
__ptext16                                     text16       00318E
__ptext17                                     text17       003144
__ptext18                                     text18       002F2E
__ptext19                                     text19       003156
__ptext2                                      text2        002FA4
__ptext20                                     text20       003164
__ptext21                                     text21       003172
__ptext22                                     text22       0030DC
__ptext23                                     text23       002CD4
__ptext24                                     text24       003100
__ptext25                                     text25       000000
__ptext3                                      text3        002B76
__ptext4                                      text4        00260E
__ptext5                                      text5        002EB4
__ptext6                                      text6        002FF6
__ptext7                                      text7        002E1E
__ptext8                                      text8        003180
__ptext9                                      text9        00311C
__ramtop                                      ramtop       002600
__smallconst                                  smallconst   002600
_abs                                          text10       00303A
_dbuf                                         bssBANK5     000566
_dtoa                                         text4        00260E
_dtoa$873                                     cstackCOMRAM 000530
_flags                                        bssBANK5     000564
_fputc                                        text7        002E1E
_fputs                                        text6        002FF6
_main                                         text0        00307A
_pad                                          text5        002EB4
_prec                                         bssBANK5     000562
_printf                                       text1        0030B4
_putch                                        text8        003180
_uart1RxLastError                             bssBANK5     000565
_vfpfcnvrt                                    text3        002B76
_vfprintf                                     text2        002FA4
_width                                        bssBANK5     000560
abs@a                                         cstackCOMRAM 000513
dtoa@d                                        cstackCOMRAM 000520
dtoa@fp                                       cstackCOMRAM 00051E
dtoa@i                                        cstackCOMRAM 00053E
dtoa@n                                        cstackCOMRAM 000536
dtoa@p                                        cstackCOMRAM 000532
dtoa@s                                        cstackCOMRAM 000540
dtoa@w                                        cstackCOMRAM 000534
end_of_initialization                         cinit        00313E
fputc@c                                       cstackCOMRAM 000503
fputc@fp                                      cstackCOMRAM 000505
fputs@c                                       cstackCOMRAM 000510
fputs@fp                                      cstackCOMRAM 00050E
fputs@i                                       cstackCOMRAM 000511
fputs@s                                       cstackCOMRAM 00050C
intlevel0                                     text         000000
intlevel1                                     text         000000
intlevel2                                     text         000000
intlevel3                                     text         000000
isa$std                                       (abs)        000001
isa$xinst                                     (abs)        000000
main@Data                                     cstackBANK5  000591
pad@buf                                       cstackCOMRAM 000515
pad@fp                                        cstackCOMRAM 000513
pad@i                                         cstackCOMRAM 00051A
pad@p                                         cstackCOMRAM 000517
pad@w                                         cstackCOMRAM 00051C
printf@ap                                     cstackBANK5  00058F
printf@fmt                                    cstackCOMRAM 00055B
putch@txData                                  cstackCOMRAM 000502
stackhi                                       (abs)        000000
stacklo                                       (abs)        000000
start                                         init         01FFFC
start_initialization                          cinit        003132
vfpfcnvrt@ap                                  cstackCOMRAM 000545
vfpfcnvrt@convarg                             cstackCOMRAM 000549
vfpfcnvrt@cp                                  cstackCOMRAM 000551
vfpfcnvrt@fmt                                 cstackCOMRAM 000543
vfpfcnvrt@fp                                  cstackCOMRAM 000541
vfprintf@ap                                   cstackCOMRAM 000557
vfprintf@cfmt                                 cstackCOMRAM 000559
vfprintf@fmt                                  cstackCOMRAM 000555
vfprintf@fp                                   cstackCOMRAM 000553


MODULE INFORMATION

Module		Function		Class		Link	Load	Size
C:\Program Files\Microchip\xc8\v2.40\pic\sources\c99\common\nf_fputc.c
		_fputc         		CODE           	2E1E	0000	150

C:\Program Files\Microchip\xc8\v2.40\pic\sources\c99\common\nf_fputc.c estimated size: 150

C:\Program Files\Microchip\xc8\v2.40\pic\sources\c99\common\abs.c
		_abs           		CODE           	303A	0000	64

C:\Program Files\Microchip\xc8\v2.40\pic\sources\c99\common\abs.c estimated size: 64

C:\Program Files\Microchip\xc8\v2.40\pic\sources\c99\common\printf.c
		_printf        		CODE           	30B4	0000	40

C:\Program Files\Microchip\xc8\v2.40\pic\sources\c99\common\printf.c estimated size: 40

mcc_generated_files/pin_manager.c
		_PIN_MANAGER_Initialize		CODE           	2CD4	0000	168

mcc_generated_files/pin_manager.c estimated size: 168

mcc_generated_files/uart1.c
		_UART1_Write   		CODE           	311C	0000	22
		_putch         		CODE           	3180	0000	10
		_UART1_SetFramingErrorHandler		CODE           	3164	0000	14
		_UART1_SetOverrunErrorHandler		CODE           	3156	0000	14
		_UART1_Initialize		CODE           	2F2E	0000	118
		_UART1_SetErrorHandler		CODE           	3172	0000	14
		_UART1_Read    		CODE           	2D7C	0000	162
		_UART1_DefaultFramingErrorHandler		CODE           	318C	0000	2
		_UART1_DefaultErrorHandler		CODE           	318E	0000	2
		_UART1_DefaultOverrunErrorHandler		CODE           	318A	0000	2

mcc_generated_files/uart1.c estimated size: 360

C:\Program Files\Microchip\xc8\v2.40\pic\sources\c99\common\nf_fputs.c
		_fputs         		CODE           	2FF6	0000	68

C:\Program Files\Microchip\xc8\v2.40\pic\sources\c99\common\nf_fputs.c estimated size: 68

C:\Program Files\Microchip\xc8\v2.40\pic\sources\c99\common\aomod.c
		___aomod       		CODE           	2A12	0000	356

C:\Program Files\Microchip\xc8\v2.40\pic\sources\c99\common\aomod.c estimated size: 356

shared
		__initialization		CODE           	3132	0000	12

shared estimated size: 12

mcc_generated_files/mcc.c
		_PMD_Initialize		CODE           	30DC	0000	36
		_OSCILLATOR_Initialize		CODE           	3100	0000	28
		_SYSTEM_Initialize		CODE           	3144	0000	18

mcc_generated_files/mcc.c estimated size: 82

C:\Program Files\Microchip\xc8\v2.40\pic\sources\c99\common\doprnt.c
		_vfpfcnvrt     		CODE           	2B76	0000	350
		_pad           		CODE           	2EB4	0000	122
		_dtoa          		CODE           	260E	0000	636
		_vfprintf      		CODE           	2FA4	0000	82

C:\Program Files\Microchip\xc8\v2.40\pic\sources\c99\common\doprnt.c estimated size: 1190

main.c
		_main          		CODE           	307A	0000	58

main.c estimated size: 58

C:\Program Files\Microchip\xc8\v2.40\pic\sources\c99\common\aodiv.c
		___aodiv       		CODE           	288A	0000	392

C:\Program Files\Microchip\xc8\v2.40\pic\sources\c99\common\aodiv.c estimated size: 392

