Microchip MPLAB XC8 Compiler V2.40

Linker command line:

-W-3 \
  --edf=C:\Program Files\Microchip\xc8\v2.40\pic\dat\20220703182018_en.msgs \
  -pivt0x8=08h -cn \
  -h+dist/default/production\PIC_SLAVE_RECEIVE_ARDUINO_SEND_DATA_I2C.X.production.sym \
  --cmf=dist/default/production\PIC_SLAVE_RECEIVE_ARDUINO_SEND_DATA_I2C.X.production.cmf \
  -z -Q18F57Q43 -oC:\Users\surendra\AppData\Local\Temp\xcAs6bc.4 \
  --defsym=__MPLAB_BUILD=1 --fixupoverflow=error \
  -Mdist/default/production/PIC_SLAVE_RECEIVE_ARDUINO_SEND_DATA_I2C.X.production.map \
  --md=C:\Users\surendra\AppData\Local\Temp\xcAs6bc.dat -E1 \
  -ver=XC8 Compiler --acfsm=1493 -ACODE=00h-01FFFFh -ACONST=00h-01FFFFh \
  -ASMALLCONST=02600h-026FFhx474 \
  -AMEDIUMCONST=02600h-0FFFFh,012600h-01FFFFh -ACOMRAM=0501h-055Fh \
  -AABS1=0500h-024FFh -ABIGRAM=0501h-024FFh \
  -ARAM=0560h-05FFh,0600h-06FFhx31 -ABANK5=0560h-05FFh -ABANK6=0600h-06FFh \
  -ABANK7=0700h-07FFh -ABANK8=0800h-08FFh -ABANK9=0900h-09FFh \
  -ABANK10=0A00h-0AFFh -ABANK11=0B00h-0BFFh -ABANK12=0C00h-0CFFh \
  -ABANK13=0D00h-0DFFh -ABANK14=0E00h-0EFFh -ABANK15=0F00h-0FFFh \
  -ABANK16=01000h-010FFh -ABANK17=01100h-011FFh -ABANK18=01200h-012FFh \
  -ABANK19=01300h-013FFh -ABANK20=01400h-014FFh -ABANK21=01500h-015FFh \
  -ABANK22=01600h-016FFh -ABANK23=01700h-017FFh -ABANK24=01800h-018FFh \
  -ABANK25=01900h-019FFh -ABANK26=01A00h-01AFFh -ABANK27=01B00h-01BFFh \
  -ABANK28=01C00h-01CFFh -ABANK29=01D00h-01DFFh -ABANK30=01E00h-01EFFh \
  -ABANK31=01F00h-01FFFh -ABANK32=02000h-020FFh -ABANK33=02100h-021FFh \
  -ABANK34=02200h-022FFh -ABANK35=02300h-023FFh -ABANK36=02400h-024FFh \
  -ASFR=00h-0FFhx4,0400h-045Fh,0460h-04FFh,02500h-025FFh \
  -ABIGSFR=00h-04FFh,02500h-025FFh -ACONFIG=0300000h-0300011h \
  -AIDLOC=0200000h-020003Fh -AEEDATA=0380000h-03803FFh -peeprom_data=EEDATA \
  -preset_vec=00h -ppowerup=CODE,init -pramtop=02600h \
  -psmallconst=SMALLCONST -pmediumconst=MEDIUMCONST -pconst=CONST \
  -AFARRAM=00h-00h \
  -prdata=COMRAM,nvrram=COMRAM,nvbit=COMRAM,rbss=COMRAM,rbit=COMRAM \
  -pfarbss=FARRAM,fardata=FARRAM,nvFARRAM=FARRAM \
  -pintsave_regs=BIGRAM,bigbss=BIGRAM,bigdata=BIGRAM -pbss=RAM \
  -pidata=CODE,irdata=CODE,ibigdata=CODE,ifardata=CODE -prparam=COMRAM \
  C:\Users\surendra\AppData\Local\Temp\xcAs6bc.o \
  dist/default/production\PIC_SLAVE_RECEIVE_ARDUINO_SEND_DATA_I2C.X.production.o 

Object code version is 3.11

Machine type is 18F57Q43



                Name                               Link     Load   Length Selector   Space Scale
C:\Users\surendra\AppData\Local\Temp\xcAs6bc.o
                idloc                            200000   200000       40        0       5
                config                           300000   300000        A        0       4
                init                                 1A       1A        4        4       0
                reset_vec                             0        0        4        0       0
dist/default/production\PIC_SLAVE_RECEIVE_ARDUINO_SEND_DATA_I2C.X.production.o
                idloc                            200000   200000       40        0       5
                config                           300000   300000        A        0       4
                ivt0x8                                8        8       12        4       0
                text28                              47A      47A        8        4       0
                text27                              472      472        8        4       0
                text26                              30A      30A       30        4       0
                text25                              49A      49A        6        4       0
                text24                              46A      46A        8        4       0
                text23                              422      422       16        4       0
                text22                              40C      40C       16        4       0
                text21                              3F6      3F6       16        4       0
                text20                              3E0      3E0       16        4       0
                text19                              3CA      3CA       16        4       0
                text18                              494      494        6        4       0
                text17                              462      462        8        4       0
                text16                              2DA      2DA       30        4       0
                text15                              48E      48E        6        4       0
                text14                              45A      45A        8        4       0
                text13                              452      452        8        4       0
                text12                              44A      44A        8        4       0
                text11                              2AA      2AA       30        4       0
                text10                               1E       1E      132        4       0
                text9                               1FE      1FE       AC        4       0
                text8                               488      488        6        4       0
                text7                               482      482        6        4       0
                text6                               39A      39A       1A        4       0
                text5                               4A0      4A0        4        4       0
                text4                               37E      37E       1C        4       0
                text3                               150      150       AE        4       0
                text2                               33A      33A       24        4       0
                text1                               3B4      3B4       16        4       0
                text0                               438      438       12        4       0
                cstackCOMRAM                        517      517        5      501       1
                bssCOMRAM                           501      501       16      501       1
                cinit                               35E      35E       20        4       0
                nvCOMRAM                            51C      51C        1      501       1

TOTAL           Name                               Link     Load   Length     Space
        CLASS   CODE           
                init                                 1A       1A        4         0
                reset_vec                             0        0        4         0
                ivt0x8                                8        8       12         0
                text28                              47A      47A        8         0
                text27                              472      472        8         0
                text26                              30A      30A       30         0
                text25                              49A      49A        6         0
                text24                              46A      46A        8         0
                text23                              422      422       16         0
                text22                              40C      40C       16         0
                text21                              3F6      3F6       16         0
                text20                              3E0      3E0       16         0
                text19                              3CA      3CA       16         0
                text18                              494      494        6         0
                text17                              462      462        8         0
                text16                              2DA      2DA       30         0
                text15                              48E      48E        6         0
                text14                              45A      45A        8         0
                text13                              452      452        8         0
                text12                              44A      44A        8         0
                text11                              2AA      2AA       30         0
                text10                               1E       1E      132         0
                text9                               1FE      1FE       AC         0
                text8                               488      488        6         0
                text7                               482      482        6         0
                text6                               39A      39A       1A         0
                text5                               4A0      4A0        4         0
                text4                               37E      37E       1C         0
                text3                               150      150       AE         0
                text2                               33A      33A       24         0
                text1                               3B4      3B4       16         0
                text0                               438      438       12         0
                cinit                               35E      35E       20         0

        CLASS   CONST          

        CLASS   SMALLCONST     

        CLASS   MEDIUMCONST    

        CLASS   COMRAM         
                cstackCOMRAM                        517      517        5         1
                bssCOMRAM                           501      501       16         1
                nvCOMRAM                            51C      51C        1         1

        CLASS   ABS1           

        CLASS   BIGRAM         

        CLASS   RAM            

        CLASS   BANK5          

        CLASS   BANK6          

        CLASS   BANK7          

        CLASS   BANK8          

        CLASS   BANK9          

        CLASS   BANK10         

        CLASS   BANK11         

        CLASS   BANK12         

        CLASS   BANK13         

        CLASS   BANK14         

        CLASS   BANK15         

        CLASS   BANK16         

        CLASS   BANK17         

        CLASS   BANK18         

        CLASS   BANK19         

        CLASS   BANK20         

        CLASS   BANK21         

        CLASS   BANK22         

        CLASS   BANK23         

        CLASS   BANK24         

        CLASS   BANK25         

        CLASS   BANK26         

        CLASS   BANK27         

        CLASS   BANK28         

        CLASS   BANK29         

        CLASS   BANK30         

        CLASS   BANK31         

        CLASS   BANK32         

        CLASS   BANK33         

        CLASS   BANK34         

        CLASS   BANK35         

        CLASS   BANK36         

        CLASS   SFR            

        CLASS   BIGSFR         

        CLASS   CONFIG         
                config                           300000   300000        A         4

        CLASS   IDLOC          
                idloc                            200000   200000       40         5

        CLASS   EEDATA         

        CLASS   FARRAM         

        CLASS   HEAP           

        CLASS   STACK          



SEGMENTS        Name                           Load    Length   Top    Selector   Space  Class

                reset_vec                      000000  000004  000004         0       0  CODE    
                ivt0x8                         000008  00049C  0004A4         4       0  CODE    
                bssCOMRAM                      000501  00001C  00051D       501       1  COMRAM  


UNUSED ADDRESS RANGES

        Name                Unused          Largest block    Delta
        BANK10           000A00-000AFF              100
        BANK11           000B00-000BFF              100
        BANK12           000C00-000CFF              100
        BANK13           000D00-000DFF              100
        BANK14           000E00-000EFF              100
        BANK15           000F00-000FFF              100
        BANK16           001000-0010FF              100
        BANK17           001100-0011FF              100
        BANK18           001200-0012FF              100
        BANK19           001300-0013FF              100
        BANK20           001400-0014FF              100
        BANK21           001500-0015FF              100
        BANK22           001600-0016FF              100
        BANK23           001700-0017FF              100
        BANK24           001800-0018FF              100
        BANK25           001900-0019FF              100
        BANK26           001A00-001AFF              100
        BANK27           001B00-001BFF              100
        BANK28           001C00-001CFF              100
        BANK29           001D00-001DFF              100
        BANK30           001E00-001EFF              100
        BANK31           001F00-001FFF              100
        BANK32           002000-0020FF              100
        BANK33           002100-0021FF              100
        BANK34           002200-0022FF              100
        BANK35           002300-0023FF              100
        BANK36           002400-0024FF              100
        BANK5            000560-0005FF               A0
        BANK6            000600-0006FF              100
        BANK7            000700-0007FF              100
        BANK8            000800-0008FF              100
        BANK9            000900-0009FF              100
        BIGRAM           00051D-0024FF             1FE3
        BIGSFR           000000-0004FF              500
                         002500-0025FF              100
        CODE             000004-000007                4
                         0004A4-01FFFF            1FB5C
        COMRAM           00051D-00055F               43
        CONFIG           30000A-300011                8
        CONST            000004-000007                4
                         0004A4-01FFFF            1FB5C
        EEDATA           380000-3803FF              400
        MEDIUMCONST      002600-00FFFF             DA00
                         012600-01FFFF             DA00
        RAM              000560-0024FF              100
        SFR              000000-0004FF              100
                         002500-0025FF              100
        SMALLCONST       002600-01FFFF              100

                                  Symbol Table

I2C1_SlaveSendTxData@data                  cstackCOMRAM 000517
I2C1_SlaveSetCounter@counter               cstackCOMRAM 000517
IVTBASEH                                   (abs)        00045E
IVTBASEL                                   (abs)        00045D
IVTBASEU                                   (abs)        00045F
_ACTCON                                    (abs)        0000AC
_ANSELA                                    (abs)        000400
_ANSELB                                    (abs)        000408
_ANSELC                                    (abs)        000410
_ANSELD                                    (abs)        000418
_ANSELE                                    (abs)        000420
_ANSELF                                    (abs)        000428
_I2C1ADB0                                  (abs)        00028E
_I2C1ADR0                                  (abs)        000290
_I2C1ADR1                                  (abs)        000291
_I2C1ADR2                                  (abs)        000292
_I2C1ADR3                                  (abs)        000293
_I2C1CNT                                   (abs)        00028D
_I2C1CON0                                  (abs)        000294
_I2C1CON0bits                              (abs)        000294
_I2C1CON1                                  (abs)        000295
_I2C1CON1bits                              (abs)        000295
_I2C1CON2                                  (abs)        000296
_I2C1ERRbits                               (abs)        000297
_I2C1PIEbits                               (abs)        00029B
_I2C1PIR                                   (abs)        00029A
_I2C1PIRbits                               (abs)        00029A
_I2C1RXB                                   (abs)        00028B
_I2C1SCLPPS                                (abs)        000271
_I2C1SDAPPS                                (abs)        000270
_I2C1STAT0bits                             (abs)        000298
_I2C1STAT1bits                             (abs)        000299
_I2C1TXB                                   (abs)        00028C
_I2C1_Initialize                           text6        00039A
_I2C1_InterruptHandler                     bssCOMRAM    000510
_I2C1_Isr                                  text10       00001E
_I2C1_Read                                 text7        000482
_I2C1_SlaveAddrCallBack                    text26       00030A
_I2C1_SlaveAddrInterruptHandler            bssCOMRAM    000507
_I2C1_SlaveBusColInterruptHandler          bssCOMRAM    000504
_I2C1_SlaveClearBuff                       text25       00049A
_I2C1_SlaveClearIrq                        text24       00046A
_I2C1_SlaveDefAddrInterruptHandler         text27       000472
_I2C1_SlaveDefBusColInterruptHandler       (abs)        000000
_I2C1_SlaveDefRdInterruptHandler           text17       000462
_I2C1_SlaveDefWrColInterruptHandler        (abs)        000000
_I2C1_SlaveDefWrInterruptHandler           text12       00044A
_I2C1_SlaveGetAddr                         text28       00047A
_I2C1_SlaveGetRxData                       text8        000488
_I2C1_SlaveIsAddr                          text23       000422
_I2C1_SlaveIsRead                          text22       00040C
_I2C1_SlaveIsRxBufFull                     text21       0003F6
_I2C1_SlaveIsStop                          text20       0003E0
_I2C1_SlaveIsTxBufEmpty                    text19       0003CA
_I2C1_SlaveRdCallBack                      text16       0002DA
_I2C1_SlaveRdInterruptHandler              bssCOMRAM    00050D
_I2C1_SlaveReleaseClock                    text15       00048E
_I2C1_SlaveSendTxData                      text13       000452
_I2C1_SlaveSetCounter                      text14       00045A
_I2C1_SlaveWrCallBack                      text11       0002AA
_I2C1_SlaveWrColInterruptHandler           bssCOMRAM    000501
_I2C1_SlaveWrInterruptHandler              bssCOMRAM    00050A
_INLVLA                                    (abs)        000404
_INLVLB                                    (abs)        00040C
_INLVLC                                    (abs)        000414
_INLVLD                                    (abs)        00041C
_INLVLE                                    (abs)        000424
_INLVLF                                    (abs)        00042C
_INTCON0bits                               (abs)        0004D6
_INTERRUPT_Initialize                      text5        0004A0
_INTERRUPT_InterruptManager                text9        0001FE
_LATA                                      (abs)        0004BE
_LATB                                      (abs)        0004BF
_LATC                                      (abs)        0004C0
_LATD                                      (abs)        0004C1
_LATE                                      (abs)        0004C2
_LATF                                      (abs)        0004C3
_ODCONA                                    (abs)        000402
_ODCONB                                    (abs)        00040A
_ODCONC                                    (abs)        000412
_ODCOND                                    (abs)        00041A
_ODCONE                                    (abs)        000422
_ODCONF                                    (abs)        00042A
_OSCCON1                                   (abs)        0000AD
_OSCCON3                                   (abs)        0000AF
_OSCEN                                     (abs)        0000B3
_OSCFRQ                                    (abs)        0000B1
_OSCILLATOR_Initialize                     text4        00037E
_OSCTUNE                                   (abs)        0000B0
_PIE7bits                                  (abs)        0004A5
_PIN_MANAGER_Initialize                    text3        000150
_PIR7bits                                  (abs)        0004B5
_PMD0                                      (abs)        000060
_PMD1                                      (abs)        000061
_PMD3                                      (abs)        000063
_PMD4                                      (abs)        000064
_PMD5                                      (abs)        000065
_PMD6                                      (abs)        000066
_PMD7                                      (abs)        000067
_PMD8                                      (abs)        000068
_PMD_Initialize                            text2        00033A
_RB1I2C                                    (abs)        000289
_RB2I2C                                    (abs)        000288
_RC3I2C                                    (abs)        000287
_RC3PPS                                    (abs)        000214
_RC4I2C                                    (abs)        000286
_RC4PPS                                    (abs)        000215
_Read                                      nvCOMRAM     00051C
_SLRCONA                                   (abs)        000403
_SLRCONB                                   (abs)        00040B
_SLRCONC                                   (abs)        000413
_SLRCOND                                   (abs)        00041B
_SLRCONE                                   (abs)        000423
_SLRCONF                                   (abs)        00042B
_SYSTEM_Initialize                         text1        0003B4
_TRISA                                     (abs)        0004C6
_TRISB                                     (abs)        0004C7
_TRISC                                     (abs)        0004C8
_TRISD                                     (abs)        0004C9
_TRISE                                     (abs)        0004CA
_TRISF                                     (abs)        0004CB
_WPUA                                      (abs)        000401
_WPUB                                      (abs)        000409
_WPUC                                      (abs)        000411
_WPUD                                      (abs)        000419
_WPUE                                      (abs)        000421
_WPUF                                      (abs)        000429
__HRAM                                     (abs)        000000
__Habs1                                    abs1         000000
__Hbank10                                  bank10       000000
__Hbank11                                  bank11       000000
__Hbank12                                  bank12       000000
__Hbank13                                  bank13       000000
__Hbank14                                  bank14       000000
__Hbank15                                  bank15       000000
__Hbank16                                  bank16       000000
__Hbank17                                  bank17       000000
__Hbank18                                  bank18       000000
__Hbank19                                  bank19       000000
__Hbank20                                  bank20       000000
__Hbank21                                  bank21       000000
__Hbank22                                  bank22       000000
__Hbank23                                  bank23       000000
__Hbank24                                  bank24       000000
__Hbank25                                  bank25       000000
__Hbank26                                  bank26       000000
__Hbank27                                  bank27       000000
__Hbank28                                  bank28       000000
__Hbank29                                  bank29       000000
__Hbank30                                  bank30       000000
__Hbank31                                  bank31       000000
__Hbank32                                  bank32       000000
__Hbank33                                  bank33       000000
__Hbank34                                  bank34       000000
__Hbank35                                  bank35       000000
__Hbank36                                  bank36       000000
__Hbank5                                   bank5        000000
__Hbank6                                   bank6        000000
__Hbank7                                   bank7        000000
__Hbank8                                   bank8        000000
__Hbank9                                   bank9        000000
__Hbigbss                                  bigbss       000000
__Hbigdata                                 bigdata      000000
__Hbigram                                  bigram       000000
__Hbigsfr                                  bigsfr       000000
__Hbss                                     bss          000000
__HbssCOMRAM                               bssCOMRAM    000000
__Hcinit                                   cinit        000000
__Hclrtext                                 clrtext      000000
__Hcomram                                  comram       000000
__Hconfig                                  config       30000A
__Hconst                                   const        000000
__HcstackCOMRAM                            cstackCOMRAM 000000
__Hdata                                    data         000000
__Heeprom_data                             eeprom_data  000000
__Hfarbss                                  farbss       000000
__Hfardata                                 fardata      000000
__Hheap                                    heap         000000
__Hibigdata                                ibigdata     000000
__Hidata                                   idata        000000
__Hidloc                                   idloc        200040
__Hifardata                                ifardata     000000
__Hinit                                    init         00001E
__Hintsave_regs                            intsave_regs 000000
__Hirdata                                  irdata       000000
__Hivt0x8                                  ivt0x8       00001A
__Hmediumconst                             mediumconst  000000
__HnvCOMRAM                                nvCOMRAM     000000
__HnvFARRAM                                nvFARRAM     000000
__Hnvbit                                   nvbit        000000
__Hnvrram                                  nvrram       000000
__Hparam                                   rparam       000000
__Hpowerup                                 powerup      000000
__Hram                                     ram          000000
__Hramtop                                  ramtop       002600
__Hrbit                                    rbit         000000
__Hrbss                                    rbss         000000
__Hrdata                                   rdata        000000
__Hreset_vec                               reset_vec    000004
__Hrparam                                  rparam       000000
__Hsfr                                     sfr          000000
__Hsmallconst                              smallconst   000000
__Hspace_0                                 (abs)        002600
__Hspace_1                                 (abs)        00051D
__Hspace_2                                 (abs)        000000
__Hspace_4                                 (abs)        60000A
__Hstack                                   stack        000000
__Hstruct                                  struct       000000
__Htemp                                    temp         000000
__Htext                                    text         000000
__Htext0                                   text0        000000
__Htext1                                   text1        000000
__Htext10                                  text10       000000
__Htext11                                  text11       000000
__Htext12                                  text12       000000
__Htext13                                  text13       000000
__Htext14                                  text14       000000
__Htext15                                  text15       000000
__Htext16                                  text16       000000
__Htext17                                  text17       000000
__Htext18                                  text18       000000
__Htext19                                  text19       000000
__Htext2                                   text2        000000
__Htext20                                  text20       000000
__Htext21                                  text21       000000
__Htext22                                  text22       000000
__Htext23                                  text23       000000
__Htext24                                  text24       000000
__Htext25                                  text25       000000
__Htext26                                  text26       000000
__Htext27                                  text27       000000
__Htext28                                  text28       000000
__Htext29                                  text29       000000
__Htext3                                   text3        000000
__Htext4                                   text4        000000
__Htext5                                   text5        000000
__Htext6                                   text6        000000
__Htext7                                   text7        000000
__Htext8                                   text8        000000
__Htext9                                   text9        000000
__LRAM                                     (abs)        000001
__Labs1                                    abs1         000000
__Lbank10                                  bank10       000000
__Lbank11                                  bank11       000000
__Lbank12                                  bank12       000000
__Lbank13                                  bank13       000000
__Lbank14                                  bank14       000000
__Lbank15                                  bank15       000000
__Lbank16                                  bank16       000000
__Lbank17                                  bank17       000000
__Lbank18                                  bank18       000000
__Lbank19                                  bank19       000000
__Lbank20                                  bank20       000000
__Lbank21                                  bank21       000000
__Lbank22                                  bank22       000000
__Lbank23                                  bank23       000000
__Lbank24                                  bank24       000000
__Lbank25                                  bank25       000000
__Lbank26                                  bank26       000000
__Lbank27                                  bank27       000000
__Lbank28                                  bank28       000000
__Lbank29                                  bank29       000000
__Lbank30                                  bank30       000000
__Lbank31                                  bank31       000000
__Lbank32                                  bank32       000000
__Lbank33                                  bank33       000000
__Lbank34                                  bank34       000000
__Lbank35                                  bank35       000000
__Lbank36                                  bank36       000000
__Lbank5                                   bank5        000000
__Lbank6                                   bank6        000000
__Lbank7                                   bank7        000000
__Lbank8                                   bank8        000000
__Lbank9                                   bank9        000000
__Lbigbss                                  bigbss       000000
__Lbigdata                                 bigdata      000000
__Lbigram                                  bigram       000000
__Lbigsfr                                  bigsfr       000000
__Lbss                                     bss          000000
__LbssCOMRAM                               bssCOMRAM    000000
__Lcinit                                   cinit        000000
__Lclrtext                                 clrtext      000000
__Lcomram                                  comram       000000
__Lconfig                                  config       000000
__Lconst                                   const        000000
__LcstackCOMRAM                            cstackCOMRAM 000000
__Ldata                                    data         000000
__Leeprom_data                             eeprom_data  000000
__Lfarbss                                  farbss       000000
__Lfardata                                 fardata      000000
__Lheap                                    heap         000000
__Libigdata                                ibigdata     000000
__Lidata                                   idata        000000
__Lidloc                                   idloc        000000
__Lifardata                                ifardata     000000
__Linit                                    init         00001A
__Lintsave_regs                            intsave_regs 000000
__Lirdata                                  irdata       000000
__Livt0x8                                  ivt0x8       000008
__Lmediumconst                             mediumconst  000000
__LnvCOMRAM                                nvCOMRAM     000000
__LnvFARRAM                                nvFARRAM     000000
__Lnvbit                                   nvbit        000000
__Lnvrram                                  nvrram       000000
__Lparam                                   rparam       000000
__Lpowerup                                 powerup      000000
__Lram                                     ram          000000
__Lramtop                                  ramtop       002600
__Lrbit                                    rbit         000000
__Lrbss                                    rbss         000000
__Lrdata                                   rdata        000000
__Lreset_vec                               reset_vec    000000
__Lrparam                                  rparam       000000
__Lsfr                                     sfr          000000
__Lsmallconst                              smallconst   000000
__Lspace_0                                 (abs)        000000
__Lspace_1                                 (abs)        000000
__Lspace_2                                 (abs)        000000
__Lspace_4                                 (abs)        000000
__Lstack                                   stack        000000
__Lstruct                                  struct       000000
__Ltemp                                    temp         000000
__Ltext                                    text         000000
__Ltext0                                   text0        000000
__Ltext1                                   text1        000000
__Ltext10                                  text10       000000
__Ltext11                                  text11       000000
__Ltext12                                  text12       000000
__Ltext13                                  text13       000000
__Ltext14                                  text14       000000
__Ltext15                                  text15       000000
__Ltext16                                  text16       000000
__Ltext17                                  text17       000000
__Ltext18                                  text18       000000
__Ltext19                                  text19       000000
__Ltext2                                   text2        000000
__Ltext20                                  text20       000000
__Ltext21                                  text21       000000
__Ltext22                                  text22       000000
__Ltext23                                  text23       000000
__Ltext24                                  text24       000000
__Ltext25                                  text25       000000
__Ltext26                                  text26       000000
__Ltext27                                  text27       000000
__Ltext28                                  text28       000000
__Ltext29                                  text29       000000
__Ltext3                                   text3        000000
__Ltext4                                   text4        000000
__Ltext5                                   text5        000000
__Ltext6                                   text6        000000
__Ltext7                                   text7        000000
__Ltext8                                   text8        000000
__Ltext9                                   text9        000000
__S0                                       (abs)        0004A4
__S1                                       (abs)        00051D
__S4                                       (abs)        000000
__S5                                       (abs)        000000
___heap_hi                                 (abs)        000000
___heap_lo                                 (abs)        000000
___inthi_sp                                stack        000000
___intlo_sp                                stack        000000
___param_bank                              (abs)        000000
___rparam_used                             (abs)        000001
___sp                                      stack        000000
__accesstop                                (abs)        000560
__activetblptr                             (abs)        000003
__end_of_I2C1_Initialize                   text6        0003B4
__end_of_I2C1_Isr                          text10       000150
__end_of_I2C1_Read                         text7        000488
__end_of_I2C1_SlaveAddrCallBack            text26       00033A
__end_of_I2C1_SlaveClearBuff               text25       0004A0
__end_of_I2C1_SlaveClearIrq                text24       000472
__end_of_I2C1_SlaveDefAddrInterruptHandler text27       00047A
__end_of_I2C1_SlaveDefRdInterruptHandler   text17       00046A
__end_of_I2C1_SlaveDefWrInterruptHandler   text12       000452
__end_of_I2C1_SlaveGetAddr                 text28       000482
__end_of_I2C1_SlaveGetRxData               text8        00048E
__end_of_I2C1_SlaveIsAddr                  text23       000438
__end_of_I2C1_SlaveIsRead                  text22       000422
__end_of_I2C1_SlaveIsRxBufFull             text21       00040C
__end_of_I2C1_SlaveIsStop                  text20       0003F6
__end_of_I2C1_SlaveIsTxBufEmpty            text19       0003E0
__end_of_I2C1_SlaveRdCallBack              text16       00030A
__end_of_I2C1_SlaveReleaseClock            text15       000494
__end_of_I2C1_SlaveSendTxData              text13       00045A
__end_of_I2C1_SlaveSetCounter              text14       000462
__end_of_I2C1_SlaveWrCallBack              text11       0002DA
__end_of_INTERRUPT_Initialize              text5        0004A4
__end_of_INTERRUPT_InterruptManager        text9        0002AA
__end_of_OSCILLATOR_Initialize             text4        00039A
__end_of_PIN_MANAGER_Initialize            text3        0001FE
__end_of_PMD_Initialize                    text2        00035E
__end_of_SYSTEM_Initialize                 text1        0003CA
__end_of__initialization                   cinit        000378
__end_of_main                              text0        00044A
__end_ofi2_I2C1_SlaveGetRxData             text18       00049A
__initialization                           cinit        00035E
__mediumconst                              mediumconst  000000
__pbssCOMRAM                               bssCOMRAM    000501
__pcinit                                   cinit        00035E
__pcstackCOMRAM                            cstackCOMRAM 000517
__pivt0x8                                  ivt0x8       000008
__pnvCOMRAM                                nvCOMRAM     00051C
__ptext0                                   text0        000438
__ptext1                                   text1        0003B4
__ptext10                                  text10       00001E
__ptext11                                  text11       0002AA
__ptext12                                  text12       00044A
__ptext13                                  text13       000452
__ptext14                                  text14       00045A
__ptext15                                  text15       00048E
__ptext16                                  text16       0002DA
__ptext17                                  text17       000462
__ptext18                                  text18       000494
__ptext19                                  text19       0003CA
__ptext2                                   text2        00033A
__ptext20                                  text20       0003E0
__ptext21                                  text21       0003F6
__ptext22                                  text22       00040C
__ptext23                                  text23       000422
__ptext24                                  text24       00046A
__ptext25                                  text25       00049A
__ptext26                                  text26       00030A
__ptext27                                  text27       000472
__ptext28                                  text28       00047A
__ptext29                                  text29       000000
__ptext3                                   text3        000150
__ptext4                                   text4        00037E
__ptext5                                   text5        0004A0
__ptext6                                   text6        00039A
__ptext7                                   text7        000482
__ptext8                                   text8        000488
__ptext9                                   text9        0001FE
__ramtop                                   ramtop       002600
__smallconst                               smallconst   000000
_i2c1RdData                                bssCOMRAM    000515
_i2c1SlaveAddr                             bssCOMRAM    000514
_i2c1SlaveState                            bssCOMRAM    000513
_i2c1WrData                                bssCOMRAM    000516
_main                                      text0        000438
end_of_initialization                      cinit        000378
i2_I2C1_SlaveGetRxData                     text18       000494
intlevel0                                  text         000000
intlevel1                                  text         000000
intlevel2                                  text         000000
intlevel3                                  text         000000
isa$std                                    (abs)        000001
isa$xinst                                  (abs)        000000
ivt0x8_base                                ivt0x8       000008
stackhi                                    (abs)        000000
stacklo                                    (abs)        000000
start                                      init         00001A
start_initialization                       cinit        00035E


MODULE INFORMATION

Module		Function		Class		Link	Load	Size
mcc_generated_files/interrupt_manager.c
		_INTERRUPT_Initialize		CODE           	04A0	0000	4
		_INTERRUPT_InterruptManager		CODE           	01FE	0000	172

mcc_generated_files/interrupt_manager.c estimated size: 176

mcc_generated_files/pin_manager.c
		_PIN_MANAGER_Initialize		CODE           	0150	0000	174

mcc_generated_files/pin_manager.c estimated size: 174

mcc_generated_files/i2c1_slave.c
		_I2C1_Read     		CODE           	0482	0000	6
		_I2C1_SlaveDefAddrInterruptHandler		CODE           	0472	0000	8
		_I2C1_SlaveSetCounter		CODE           	045A	0000	8
		_I2C1_SlaveIsRead		CODE           	040C	0000	22
		_I2C1_SlaveIsAddr		CODE           	0422	0000	22
		_I2C1_SlaveIsStop		CODE           	03E0	0000	22
		_I2C1_SlaveDefRdInterruptHandler		CODE           	0462	0000	8
		_I2C1_SlaveDefWrInterruptHandler		CODE           	044A	0000	8
		_I2C1_SlaveGetAddr		CODE           	047A	0000	8
		_I2C1_SlaveSendTxData		CODE           	0452	0000	8
		_I2C1_SlaveRdCallBack		CODE           	02DA	0000	48
		_I2C1_SlaveWrCallBack		CODE           	02AA	0000	48
		_I2C1_Isr      		CODE           	001E	0000	306
		_I2C1_SlaveAddrCallBack		CODE           	030A	0000	48
		_I2C1_Initialize		CODE           	039A	0000	26
		_I2C1_SlaveIsTxBufEmpty		CODE           	03CA	0000	22
		_I2C1_SlaveIsRxBufFull		CODE           	03F6	0000	22
		_I2C1_SlaveClearIrq		CODE           	046A	0000	8
		_I2C1_SlaveGetRxData		CODE           	0488	0000	6
		_I2C1_SlaveReleaseClock		CODE           	048E	0000	6
		_I2C1_SlaveClearBuff		CODE           	049A	0000	6

mcc_generated_files/i2c1_slave.c estimated size: 666

shared
		i2_I2C1_SlaveGetRxData		CODE           	0494	0000	6
		__initialization		CODE           	035E	0000	26

shared estimated size: 32

mcc_generated_files/mcc.c
		_PMD_Initialize		CODE           	033A	0000	36
		_OSCILLATOR_Initialize		CODE           	037E	0000	28
		_SYSTEM_Initialize		CODE           	03B4	0000	22

mcc_generated_files/mcc.c estimated size: 86

main.c
		_main          		CODE           	0438	0000	18

main.c estimated size: 18

